Archive member included to satisfy reference by file (symbol)

e:/ace2025/enviroment/gcc-arm-none-eabi-10.3-2021.10-win32/arm-gnu-toolchian/bin/../lib/gcc/arm-none-eabi/10.3.1/../../../../arm-none-eabi/lib/thumb/v7-m/nofp\libc_nano.a(lib_a-errno.o)
                              build/sysmem.o (__errno)
e:/ace2025/enviroment/gcc-arm-none-eabi-10.3-2021.10-win32/arm-gnu-toolchian/bin/../lib/gcc/arm-none-eabi/10.3.1/../../../../arm-none-eabi/lib/thumb/v7-m/nofp\libc_nano.a(lib_a-exit.o)
                              e:/ace2025/enviroment/gcc-arm-none-eabi-10.3-2021.10-win32/arm-gnu-toolchian/bin/../lib/gcc/arm-none-eabi/10.3.1/../../../../arm-none-eabi/lib/thumb/v7-m/nofp/crt0.o (exit)
e:/ace2025/enviroment/gcc-arm-none-eabi-10.3-2021.10-win32/arm-gnu-toolchian/bin/../lib/gcc/arm-none-eabi/10.3.1/../../../../arm-none-eabi/lib/thumb/v7-m/nofp\libc_nano.a(lib_a-impure.o)
                              e:/ace2025/enviroment/gcc-arm-none-eabi-10.3-2021.10-win32/arm-gnu-toolchian/bin/../lib/gcc/arm-none-eabi/10.3.1/../../../../arm-none-eabi/lib/thumb/v7-m/nofp\libc_nano.a(lib_a-exit.o) (_global_impure_ptr)
e:/ace2025/enviroment/gcc-arm-none-eabi-10.3-2021.10-win32/arm-gnu-toolchian/bin/../lib/gcc/arm-none-eabi/10.3.1/../../../../arm-none-eabi/lib/thumb/v7-m/nofp\libc_nano.a(lib_a-init.o)
                              e:/ace2025/enviroment/gcc-arm-none-eabi-10.3-2021.10-win32/arm-gnu-toolchian/bin/../lib/gcc/arm-none-eabi/10.3.1/../../../../arm-none-eabi/lib/thumb/v7-m/nofp/crt0.o (__libc_init_array)
e:/ace2025/enviroment/gcc-arm-none-eabi-10.3-2021.10-win32/arm-gnu-toolchian/bin/../lib/gcc/arm-none-eabi/10.3.1/../../../../arm-none-eabi/lib/thumb/v7-m/nofp\libc_nano.a(lib_a-memcmp.o)
                              build/oled.o (memcmp)
e:/ace2025/enviroment/gcc-arm-none-eabi-10.3-2021.10-win32/arm-gnu-toolchian/bin/../lib/gcc/arm-none-eabi/10.3.1/../../../../arm-none-eabi/lib/thumb/v7-m/nofp\libc_nano.a(lib_a-memcpy-stub.o)
                              build/queue.o (memcpy)
e:/ace2025/enviroment/gcc-arm-none-eabi-10.3-2021.10-win32/arm-gnu-toolchian/bin/../lib/gcc/arm-none-eabi/10.3.1/../../../../arm-none-eabi/lib/thumb/v7-m/nofp\libc_nano.a(lib_a-memset.o)
                              e:/ace2025/enviroment/gcc-arm-none-eabi-10.3-2021.10-win32/arm-gnu-toolchian/bin/../lib/gcc/arm-none-eabi/10.3.1/../../../../arm-none-eabi/lib/thumb/v7-m/nofp/crt0.o (memset)
e:/ace2025/enviroment/gcc-arm-none-eabi-10.3-2021.10-win32/arm-gnu-toolchian/bin/../lib/gcc/arm-none-eabi/10.3.1/../../../../arm-none-eabi/lib/thumb/v7-m/nofp\libc_nano.a(lib_a-sprintf.o)
                              build/MENU.o (sprintf)
e:/ace2025/enviroment/gcc-arm-none-eabi-10.3-2021.10-win32/arm-gnu-toolchian/bin/../lib/gcc/arm-none-eabi/10.3.1/../../../../arm-none-eabi/lib/thumb/v7-m/nofp\libc_nano.a(lib_a-strlen.o)
                              build/MENU.o (strlen)
e:/ace2025/enviroment/gcc-arm-none-eabi-10.3-2021.10-win32/arm-gnu-toolchian/bin/../lib/gcc/arm-none-eabi/10.3.1/../../../../arm-none-eabi/lib/thumb/v7-m/nofp\libc_nano.a(lib_a-nano-svfprintf.o)
                              e:/ace2025/enviroment/gcc-arm-none-eabi-10.3-2021.10-win32/arm-gnu-toolchian/bin/../lib/gcc/arm-none-eabi/10.3.1/../../../../arm-none-eabi/lib/thumb/v7-m/nofp\libc_nano.a(lib_a-sprintf.o) (_svfprintf_r)
e:/ace2025/enviroment/gcc-arm-none-eabi-10.3-2021.10-win32/arm-gnu-toolchian/bin/../lib/gcc/arm-none-eabi/10.3.1/../../../../arm-none-eabi/lib/thumb/v7-m/nofp\libc_nano.a(lib_a-nano-vfprintf_i.o)
                              e:/ace2025/enviroment/gcc-arm-none-eabi-10.3-2021.10-win32/arm-gnu-toolchian/bin/../lib/gcc/arm-none-eabi/10.3.1/../../../../arm-none-eabi/lib/thumb/v7-m/nofp\libc_nano.a(lib_a-nano-svfprintf.o) (_printf_i)
e:/ace2025/enviroment/gcc-arm-none-eabi-10.3-2021.10-win32/arm-gnu-toolchian/bin/../lib/gcc/arm-none-eabi/10.3.1/../../../../arm-none-eabi/lib/thumb/v7-m/nofp\libc_nano.a(lib_a-memchr-stub.o)
                              e:/ace2025/enviroment/gcc-arm-none-eabi-10.3-2021.10-win32/arm-gnu-toolchian/bin/../lib/gcc/arm-none-eabi/10.3.1/../../../../arm-none-eabi/lib/thumb/v7-m/nofp\libc_nano.a(lib_a-nano-svfprintf.o) (memchr)
e:/ace2025/enviroment/gcc-arm-none-eabi-10.3-2021.10-win32/arm-gnu-toolchian/bin/../lib/gcc/arm-none-eabi/10.3.1/../../../../arm-none-eabi/lib/thumb/v7-m/nofp\libc_nano.a(lib_a-memmove.o)
                              e:/ace2025/enviroment/gcc-arm-none-eabi-10.3-2021.10-win32/arm-gnu-toolchian/bin/../lib/gcc/arm-none-eabi/10.3.1/../../../../arm-none-eabi/lib/thumb/v7-m/nofp\libc_nano.a(lib_a-nano-svfprintf.o) (memmove)
e:/ace2025/enviroment/gcc-arm-none-eabi-10.3-2021.10-win32/arm-gnu-toolchian/bin/../lib/gcc/arm-none-eabi/10.3.1/../../../../arm-none-eabi/lib/thumb/v7-m/nofp\libc_nano.a(lib_a-nano-freer.o)
[...]
Memory Configuration

Name             Origin             Length             Attributes
RAM              0x20000000         0x00005000         xrw
FLASH            0x08000000         0x00010000         xr
*default*        0x00000000         0xffffffff

Linker script and memory map

LOAD e:/ace2025/enviroment/gcc-arm-none-eabi-10.3-2021.10-win32/arm-gnu-toolchian/bin/../lib/gcc/arm-none-eabi/10.3.1/thumb/v7-m/nofp/crti.o
LOAD e:/ace2025/enviroment/gcc-arm-none-eabi-10.3-2021.10-win32/arm-gnu-toolchian/bin/../lib/gcc/arm-none-eabi/10.3.1/thumb/v7-m/nofp/crtbegin.o
LOAD e:/ace2025/enviroment/gcc-arm-none-eabi-10.3-2021.10-win32/arm-gnu-toolchian/bin/../lib/gcc/arm-none-eabi/10.3.1/../../../../arm-none-eabi/lib/thumb/v7-m/nofp/crt0.o
LOAD build/main.o
LOAD build/gpio.o
LOAD build/freertos.o
LOAD build/adc.o
LOAD build/dma.o
LOAD build/i2c.o
LOAD build/spi.o
LOAD build/stm32f1xx_it.o
LOAD build/stm32f1xx_hal_msp.o
LOAD build/stm32f1xx_hal_timebase_tim.o
LOAD build/stm32f1xx_hal_gpio_ex.o
LOAD build/stm32f1xx_hal_tim.o
LOAD build/stm32f1xx_hal_tim_ex.o
LOAD build/stm32f1xx_hal_adc.o
LOAD build/stm32f1xx_hal_adc_ex.o
LOAD build/stm32f1xx_hal.o
LOAD build/stm32f1xx_hal_rcc.o
LOAD build/stm32f1xx_hal_rcc_ex.o
LOAD build/stm32f1xx_hal_gpio.o
LOAD build/stm32f1xx_hal_dma.o
LOAD build/stm32f1xx_hal_cortex.o
LOAD build/stm32f1xx_hal_pwr.o
LOAD build/stm32f1xx_hal_flash.o
LOAD build/stm32f1xx_hal_flash_ex.o
LOAD build/stm32f1xx_hal_exti.o
LOAD build/stm32f1xx_hal_i2c.o
LOAD build/stm32f1xx_hal_spi.o
LOAD build/system_stm32f1xx.o
LOAD build/croutine.o
LOAD build/event_groups.o
LOAD build/list.o
LOAD build/queue.o
LOAD build/stream_buffer.o
LOAD build/tasks.o
LOAD build/timers.o
LOAD build/cmsis_os.o
LOAD build/heap_4.o
LOAD build/port.o
LOAD build/sysmem.o
LOAD build/syscalls.o
LOAD build/font.o
LOAD build/oled.o
LOAD build/nrf24l01.o
LOAD build/flash.o
LOAD build/bsp_dwt.o
LOAD build/remote.o
LOAD build/MENU.o
LOAD build/menu_task.o
LOAD build/SEGGER_RTT_printf.o
LOAD build/SEGGER_RTT_Syscalls_GCC.o
LOAD build/SEGGER_RTT_Syscalls_IAR.o
LOAD build/SEGGER_RTT_Syscalls_KEIL.o
LOAD build/SEGGER_RTT_Syscalls_SES.o
LOAD build/SEGGER_RTT.o
LOAD build/SEGGER_SYSVIEW_Config_FreeRTOS.o
LOAD build/SEGGER_SYSVIEW_FreeRTOS.o
LOAD build/SEGGER_SYSVIEW.o
LOAD build/startup_stm32f103xb.o
LOAD e:/ace2025/enviroment/gcc-arm-none-eabi-10.3-2021.10-win32/arm-gnu-toolchian/bin/../lib/gcc/arm-none-eabi/10.3.1/../../../../arm-none-eabi/lib/thumb/v7-m/nofp\libc_nano.a
LOAD e:/ace2025/enviroment/gcc-arm-none-eabi-10.3-2021.10-win32/arm-gnu-toolchian/bin/../lib/gcc/arm-none-eabi/10.3.1/../../../../arm-none-eabi/lib/thumb/v7-m/nofp\libm.a
LOAD e:/ace2025/enviroment/gcc-arm-none-eabi-10.3-2021.10-win32/arm-gnu-toolchian/bin/../lib/gcc/arm-none-eabi/10.3.1/../../../../arm-none-eabi/lib/thumb/v7-m/nofp\libnosys.a
START GROUP
LOAD e:/ace2025/enviroment/gcc-arm-none-eabi-10.3-2021.10-win32/arm-gnu-toolchian/bin/../lib/gcc/arm-none-eabi/10.3.1/thumb/v7-m/nofp\libgcc.a
LOAD e:/ace2025/enviroment/gcc-arm-none-eabi-10.3-2021.10-win32/arm-gnu-toolchian/bin/../lib/gcc/arm-none-eabi/10.3.1/../../../../arm-none-eabi/lib/thumb/v7-m/nofp\libc_nano.a
END GROUP
START GROUP
LOAD e:/ace2025/enviroment/gcc-arm-none-eabi-10.3-2021.10-win32/arm-gnu-toolchian/bin/../lib/gcc/arm-none-eabi/10.3.1/thumb/v7-m/nofp\libgcc.a
LOAD e:/ace2025/enviroment/gcc-arm-none-eabi-10.3-2021.10-win32/arm-gnu-toolchian/bin/../lib/gcc/arm-none-eabi/10.3.1/../../../../arm-none-eabi/lib/thumb/v7-m/nofp\libc_nano.a
END GROUP
LOAD e:/ace2025/enviroment/gcc-arm-none-eabi-10.3-2021.10-win32/arm-gnu-toolchian/bin/../lib/gcc/arm-none-eabi/10.3.1/thumb/v7-m/nofp/crtend.o
LOAD e:/ace2025/enviroment/gcc-arm-none-eabi-10.3-2021.10-win32/arm-gnu-toolchian/bin/../lib/gcc/arm-none-eabi/10.3.1/thumb/v7-m/nofp/crtn.o
                0x20005000                _estack = (ORIGIN (RAM) + LENGTH (RAM))
                0x00000800                _Min_Heap_Size = 0x800
                0x00000800                _Min_Stack_Size = 0x800

.isr_vector     0x08000000      0x10c
                0x08000000                . = ALIGN (0x4)
 *(.isr_vector)
 .isr_vector    0x08000000      0x10c build/startup_stm32f103xb.o
                0x08000000                g_pfnVectors
                0x0800010c                . = ALIGN (0x4)

.text           0x08000110     0x7754
                0x08000110                . = ALIGN (0x4)
 *(.text)
 .text          0x08000110       0x40 e:/ace2025/enviroment/gcc-arm-none-eabi-10.3-2021.10-win32/arm-gnu-toolchian/bin/../lib/gcc/arm-none-eabi/10.3.1/thumb/v7-m/nofp/crtbegin.o
 .text          0x08000150       0x10 e:/ace2025/enviroment/gcc-arm-none-eabi-10.3-2021.10-win32/arm-gnu-toolchian/bin/../lib/gcc/arm-none-eabi/10.3.1/../../../../arm-none-eabi/lib/thumb/v7-m/nofp\libc_nano.a(lib_a-strlen.o)
                0x08000150                strlen
 .text          0x08000160      0x378 e:/ace2025/enviroment/gcc-arm-none-eabi-10.3-2021.10-win32/arm-gnu-toolchian/bin/../lib/gcc/arm-none-eabi/10.3.1/thumb/v7-m/nofp\libgcc.a(_arm_addsubdf3.o)
                0x08000160                __aeabi_drsub
                0x08000168                __aeabi_dsub
                0x08000168                __subdf3
                0x0800016c                __aeabi_dadd
                0x0800016c                __adddf3
                0x080003e4                __floatunsidf
                0x080003e4                __aeabi_ui2d
                0x08000404                __floatsidf
                0x08000404                __aeabi_i2d
                0x08000428                __aeabi_f2d
                0x08000428                __extendsfdf2
                0x0800046c                __floatundidf
                0x0800046c                __aeabi_ul2d
                0x0800047c                __floatdidf
                0x0800047c                __aeabi_l2d
 .text          0x080004d8      0x424 e:/ace2025/enviroment/gcc-arm-none-eabi-10.3-2021.10-win32/arm-gnu-toolchian/bin/../lib/gcc/arm-none-eabi/10.3.1/thumb/v7-m/nofp\libgcc.a(_arm_muldivdf3.o)
                0x080004d8                __aeabi_dmul
                0x080004d8                __muldf3
                0x0800072c                __divdf3
                0x0800072c                __aeabi_ddiv
 .text          0x080008fc       0x50 e:/ace2025/enviroment/gcc-arm-none-eabi-10.3-2021.10-win32/arm-gnu-toolchian/bin/../lib/gcc/arm-none-eabi/10.3.1/thumb/v7-m/nofp\libgcc.a(_arm_fixdfsi.o)
                0x080008fc                __aeabi_d2iz
                0x080008fc                __fixdfsi
 .text          0x0800094c       0xa0 e:/ace2025/enviroment/gcc-arm-none-eabi-10.3-2021.10-win32/arm-gnu-toolchian/bin/../lib/gcc/arm-none-eabi/10.3.1/thumb/v7-m/nofp\libgcc.a(_arm_truncdfsf2.o)
                0x0800094c                __truncdfsf2
                0x0800094c                __aeabi_d2f
 .text          0x080009ec      0x21c e:/ace2025/enviroment/gcc-arm-none-eabi-10.3-2021.10-win32/arm-gnu-toolchian/bin/../lib/gcc/arm-none-eabi/10.3.1/thumb/v7-m/nofp\libgcc.a(_arm_addsubsf3.o)
                0x080009ec                __aeabi_frsub
                0x080009f4                __subsf3
                0x080009f4                __aeabi_fsub
                0x080009f8                __aeabi_fadd
                0x080009f8                __addsf3
                0x08000b58                __aeabi_ui2f
                0x08000b58                __floatunsisf
                0x08000b60                __aeabi_i2f
                0x08000b60                __floatsisf
                0x08000b7c                __aeabi_ul2f
                0x08000b7c                __floatundisf
                0x08000b8c                __aeabi_l2f
                0x08000b8c                __floatdisf
 .text          0x08000c08      0x2a0 e:/ace2025/enviroment/gcc-arm-none-eabi-10.3-2021.10-win32/arm-gnu-toolchian/bin/../lib/gcc/arm-none-eabi/10.3.1/thumb/v7-m/nofp\libgcc.a(_arm_muldivsf3.o)
                0x08000c08                __mulsf3
                0x08000c08                __aeabi_fmul
                0x08000d70                __aeabi_fdiv
                0x08000d70                __divsf3
 .text          0x08000ea8       0xec e:/ace2025/enviroment/gcc-arm-none-eabi-10.3-2021.10-win32/arm-gnu-toolchian/bin/../lib/gcc/arm-none-eabi/10.3.1/thumb/v7-m/nofp\libgcc.a(_arm_cmpsf2.o)
                0x08000ea8                __gesf2
                0x08000ea8                __gtsf2
                0x08000eb0                __lesf2
                0x08000eb0                __ltsf2
                0x08000eb8                __nesf2
                0x08000eb8                __eqsf2
                0x08000eb8                __cmpsf2
                0x08000f18                __aeabi_cfrcmple
                0x08000f20                __aeabi_cfcmpeq
                0x08000f20                __aeabi_cfcmple
                0x08000f30                __aeabi_fcmpeq
                0x08000f44                __aeabi_fcmplt
                0x08000f58                __aeabi_fcmple
                0x08000f6c                __aeabi_fcmpge
                0x08000f80                __aeabi_fcmpgt
 .text          0x08000f94       0x4c e:/ace2025/enviroment/gcc-arm-none-eabi-10.3-2021.10-win32/arm-gnu-toolchian/bin/../lib/gcc/arm-none-eabi/10.3.1/thumb/v7-m/nofp\libgcc.a(_arm_fixsfsi.o)
                0x08000f94                __aeabi_f2iz
                0x08000f94                __fixsfsi
 .text          0x08000fe0       0x40 e:/ace2025/enviroment/gcc-arm-none-eabi-10.3-2021.10-win32/arm-gnu-toolchian/bin/../lib/gcc/arm-none-eabi/10.3.1/thumb/v7-m/nofp\libgcc.a(_arm_fixunssfsi.o)
                0x08000fe0                __fixunssfsi
                0x08000fe0                __aeabi_f2uiz
 *(.text*)
 .text.HAL_TIM_PeriodElapsedCallback
                0x08001020       0x18 build/main.o
                0x08001020                HAL_TIM_PeriodElapsedCallback
 .text.Error_Handler
                0x08001038        0x4 build/main.o
                0x08001038                Error_Handler
 .text.SystemClock_Config
                0x0800103c       0x84 build/main.o
                0x0800103c                SystemClock_Config
 .text.main     0x080010c0       0x30 build/main.o
                0x080010c0                main
 .text.MX_GPIO_Init
                0x080010f0      0x12c build/gpio.o
                0x080010f0                MX_GPIO_Init
 .text.StartDefaultTask
                0x0800121c        0xa build/freertos.o
                0x0800121c                StartDefaultTask
 *fill*         0x08001226        0x2 
 .text.vApplicationGetIdleTaskMemory
                0x08001228       0x18 build/freertos.o
                0x08001228                vApplicationGetIdleTaskMemory
 .text.MX_FREERTOS_Init
                0x08001240       0x30 build/freertos.o
                0x08001240                MX_FREERTOS_Init
 .text.MX_ADC1_Init
                0x08001270      0x114 build/adc.o
                0x08001270                MX_ADC1_Init
 .text.HAL_ADC_MspInit
                0x08001384       0xbc build/adc.o
                0x08001384                HAL_ADC_MspInit
 .text.MX_DMA_Init
                0x08001440       0x34 build/dma.o
                0x08001440                MX_DMA_Init
 .text.MX_I2C1_Init
                0x08001474       0x3c build/i2c.o
                0x08001474                MX_I2C1_Init
 .text.HAL_I2C_MspInit
                0x080014b0       0x78 build/i2c.o
                0x080014b0                HAL_I2C_MspInit
 .text.MX_SPI1_Init
                0x08001528       0x44 build/spi.o
                0x08001528                MX_SPI1_Init
 .text.HAL_SPI_MspInit
                0x0800156c       0x74 build/spi.o
                0x0800156c                HAL_SPI_MspInit
 .text.NMI_Handler
                0x080015e0        0x2 build/stm32f1xx_it.o
                0x080015e0                NMI_Handler
 .text.HardFault_Handler
                0x080015e2        0x4 build/stm32f1xx_it.o
                0x080015e2                HardFault_Handler
 .text.MemManage_Handler
                0x080015e6        0x2 build/stm32f1xx_it.o
                0x080015e6                MemManage_Handler
 .text.BusFault_Handler
                0x080015e8        0x2 build/stm32f1xx_it.o
                0x080015e8                BusFault_Handler
 .text.UsageFault_Handler
                0x080015ea        0x2 build/stm32f1xx_it.o
                0x080015ea                UsageFault_Handler
 .text.DebugMon_Handler
                0x080015ec        0x2 build/stm32f1xx_it.o
                0x080015ec                DebugMon_Handler
 *fill*         0x080015ee        0x2 
 .text.EXTI3_IRQHandler
                0x080015f0       0x38 build/stm32f1xx_it.o
                0x080015f0                EXTI3_IRQHandler
 .text.EXTI4_IRQHandler
                0x08001628       0x38 build/stm32f1xx_it.o
                0x08001628                EXTI4_IRQHandler
 .text.DMA1_Channel1_IRQHandler
                0x08001660       0x10 build/stm32f1xx_it.o
                0x08001660                DMA1_Channel1_IRQHandler
 .text.TIM4_IRQHandler
                0x08001670       0x10 build/stm32f1xx_it.o
                0x08001670                TIM4_IRQHandler
 .text.EXTI15_10_IRQHandler
                0x08001680       0x88 build/stm32f1xx_it.o
                0x08001680                EXTI15_10_IRQHandler
 .text.HAL_MspInit
                0x08001708       0x54 build/stm32f1xx_hal_msp.o
                0x08001708                HAL_MspInit
 .text.HAL_InitTick
                0x0800175c       0xa0 build/stm32f1xx_hal_timebase_tim.o
                0x0800175c                HAL_InitTick
 .text.HAL_TIM_Base_MspInit
                0x080017fc        0x2 build/stm32f1xx_hal_tim.o
                0x080017fc                HAL_TIM_Base_MspInit
 *fill*         0x080017fe        0x2 
 .text.HAL_TIM_Base_Start_IT
                0x08001800       0x68 build/stm32f1xx_hal_tim.o
                0x08001800                HAL_TIM_Base_Start_IT
 .text.HAL_TIM_OC_DelayElapsedCallback
                0x08001868        0x2 build/stm32f1xx_hal_tim.o
                0x08001868                HAL_TIM_OC_DelayElapsedCallback
 .text.HAL_TIM_IC_CaptureCallback
                0x0800186a        0x2 build/stm32f1xx_hal_tim.o
                0x0800186a                HAL_TIM_IC_CaptureCallback
 .text.HAL_TIM_PWM_PulseFinishedCallback
                0x0800186c        0x2 build/stm32f1xx_hal_tim.o
                0x0800186c                HAL_TIM_PWM_PulseFinishedCallback
 .text.HAL_TIM_TriggerCallback
                0x0800186e        0x2 build/stm32f1xx_hal_tim.o
                0x0800186e                HAL_TIM_TriggerCallback
 .text.HAL_TIM_IRQHandler
                0x08001870      0x15e build/stm32f1xx_hal_tim.o
                0x08001870                HAL_TIM_IRQHandler
 *fill*         0x080019ce        0x2 
 .text.TIM_Base_SetConfig
                0x080019d0       0x84 build/stm32f1xx_hal_tim.o
                0x080019d0                TIM_Base_SetConfig
 .text.HAL_TIM_Base_Init
                0x08001a54       0x58 build/stm32f1xx_hal_tim.o
                0x08001a54                HAL_TIM_Base_Init
 .text.HAL_TIMEx_CommutCallback
                0x08001aac        0x2 build/stm32f1xx_hal_tim_ex.o
                0x08001aac                HAL_TIMEx_CommutCallback
 .text.HAL_TIMEx_BreakCallback
                0x08001aae        0x2 build/stm32f1xx_hal_tim_ex.o
                0x08001aae                HAL_TIMEx_BreakCallback
 .text.HAL_ADC_ConvCpltCallback
                0x08001ab0        0x2 build/stm32f1xx_hal_adc.o
                0x08001ab0                HAL_ADC_ConvCpltCallback
 .text.ADC_DMAConvCplt
                0x08001ab2       0x52 build/stm32f1xx_hal_adc.o
                0x08001ab2                ADC_DMAConvCplt
 .text.HAL_ADC_ConvHalfCpltCallback
                0x08001b04        0x2 build/stm32f1xx_hal_adc.o
                0x08001b04                HAL_ADC_ConvHalfCpltCallback
 .text.ADC_DMAHalfConvCplt
                0x08001b06        0xa build/stm32f1xx_hal_adc.o
                0x08001b06                ADC_DMAHalfConvCplt
 .text.HAL_ADC_ErrorCallback
                0x08001b10        0x2 build/stm32f1xx_hal_adc.o
                0x08001b10                HAL_ADC_ErrorCallback
 .text.ADC_DMAError
                0x08001b12       0x1a build/stm32f1xx_hal_adc.o
                0x08001b12                ADC_DMAError
 .text.HAL_ADC_ConfigChannel
                0x08001b2c      0x144 build/stm32f1xx_hal_adc.o
                0x08001b2c                HAL_ADC_ConfigChannel
 .text.ADC_Enable
                0x08001c70       0x88 build/stm32f1xx_hal_adc.o
                0x08001c70                ADC_Enable
 .text.HAL_ADC_Start_DMA
                0x08001cf8      0x130 build/stm32f1xx_hal_adc.o
                0x08001cf8                HAL_ADC_Start_DMA
 .text.ADC_ConversionStop_Disable
                0x08001e28       0x56 build/stm32f1xx_hal_adc.o
                0x08001e28                ADC_ConversionStop_Disable
 *fill*         0x08001e7e        0x2 
 .text.HAL_ADC_Init
                0x08001e80      0x108 build/stm32f1xx_hal_adc.o
                0x08001e80                HAL_ADC_Init
 .text.HAL_ADCEx_Calibration_Start
                0x08001f88      0x100 build/stm32f1xx_hal_adc_ex.o
                0x08001f88                HAL_ADCEx_Calibration_Start
 .text.HAL_Init
                0x08002088       0x24 build/stm32f1xx_hal.o
                0x08002088                HAL_Init
 .text.HAL_IncTick
                0x080020ac       0x18 build/stm32f1xx_hal.o
                0x080020ac                HAL_IncTick
 .text.HAL_GetTick
                0x080020c4        0xc build/stm32f1xx_hal.o
                0x080020c4                HAL_GetTick
 .text.HAL_Delay
                0x080020d0       0x28 build/stm32f1xx_hal.o
                0x080020d0                HAL_Delay
 .text.RCC_Delay
                0x080020f8       0x2c build/stm32f1xx_hal_rcc.o
 .text.HAL_RCC_OscConfig
                0x08002124      0x410 build/stm32f1xx_hal_rcc.o
                0x08002124                HAL_RCC_OscConfig
 .text.HAL_RCC_GetSysClockFreq
                0x08002534       0x54 build/stm32f1xx_hal_rcc.o
                0x08002534                HAL_RCC_GetSysClockFreq
 .text.HAL_RCC_ClockConfig
                0x08002588      0x16c build/stm32f1xx_hal_rcc.o
                0x08002588                HAL_RCC_ClockConfig
 .text.HAL_RCC_GetHCLKFreq
                0x080026f4        0xc build/stm32f1xx_hal_rcc.o
                0x080026f4                HAL_RCC_GetHCLKFreq
 .text.HAL_RCC_GetPCLK1Freq
                0x08002700       0x20 build/stm32f1xx_hal_rcc.o
                0x08002700                HAL_RCC_GetPCLK1Freq
 .text.HAL_RCC_GetPCLK2Freq
                0x08002720       0x20 build/stm32f1xx_hal_rcc.o
                0x08002720                HAL_RCC_GetPCLK2Freq
 .text.HAL_RCC_GetClockConfig
                0x08002740       0x3c build/stm32f1xx_hal_rcc.o
                0x08002740                HAL_RCC_GetClockConfig
 .text.HAL_RCCEx_PeriphCLKConfig
                0x0800277c      0x118 build/stm32f1xx_hal_rcc_ex.o
                0x0800277c                HAL_RCCEx_PeriphCLKConfig
 .text.HAL_RCCEx_GetPeriphCLKFreq
                0x08002894       0xd8 build/stm32f1xx_hal_rcc_ex.o
                0x08002894                HAL_RCCEx_GetPeriphCLKFreq
 .text.HAL_GPIO_Init
                0x0800296c      0x224 build/stm32f1xx_hal_gpio.o
                0x0800296c                HAL_GPIO_Init
 .text.HAL_GPIO_ReadPin
                0x08002b90        0xe build/stm32f1xx_hal_gpio.o
                0x08002b90                HAL_GPIO_ReadPin
 .text.HAL_GPIO_WritePin
                0x08002b9e        0xc build/stm32f1xx_hal_gpio.o
                0x08002b9e                HAL_GPIO_WritePin
 .text.HAL_GPIO_TogglePin
                0x08002baa       0x12 build/stm32f1xx_hal_gpio.o
                0x08002baa                HAL_GPIO_TogglePin
 .text.HAL_GPIO_EXTI_Callback
                0x08002bbc        0x2 build/stm32f1xx_hal_gpio.o
                0x08002bbc                HAL_GPIO_EXTI_Callback
 *fill*         0x08002bbe        0x2 
 .text.HAL_GPIO_EXTI_IRQHandler
                0x08002bc0       0x1c build/stm32f1xx_hal_gpio.o
                0x08002bc0                HAL_GPIO_EXTI_IRQHandler
 .text.DMA_SetConfig
                0x08002bdc       0x2c build/stm32f1xx_hal_dma.o
 .text.HAL_DMA_Init
                0x08002c08       0x6c build/stm32f1xx_hal_dma.o
                0x08002c08                HAL_DMA_Init
 .text.HAL_DMA_Start_IT
                0x08002c74       0x76 build/stm32f1xx_hal_dma.o
                0x08002c74                HAL_DMA_Start_IT
 *fill*         0x08002cea        0x2 
 .text.HAL_DMA_IRQHandler
                0x08002cec      0x144 build/stm32f1xx_hal_dma.o
                0x08002cec                HAL_DMA_IRQHandler
 .text.HAL_NVIC_SetPriorityGrouping
                0x08002e30       0x24 build/stm32f1xx_hal_cortex.o
                0x08002e30                HAL_NVIC_SetPriorityGrouping
 .text.HAL_NVIC_SetPriority
                0x08002e54       0x70 build/stm32f1xx_hal_cortex.o
                0x08002e54                HAL_NVIC_SetPriority
 .text.HAL_NVIC_EnableIRQ
                0x08002ec4       0x1c build/stm32f1xx_hal_cortex.o
                0x08002ec4                HAL_NVIC_EnableIRQ
 .text.FLASH_Program_HalfWord
                0x08002ee0       0x1c build/stm32f1xx_hal_flash.o
 .text.FLASH_SetErrorCode
                0x08002efc       0x70 build/stm32f1xx_hal_flash.o
 .text.HAL_FLASH_Unlock
                0x08002f6c       0x34 build/stm32f1xx_hal_flash.o
                0x08002f6c                HAL_FLASH_Unlock
 .text.HAL_FLASH_Lock
                0x08002fa0       0x14 build/stm32f1xx_hal_flash.o
                0x08002fa0                HAL_FLASH_Lock
 .text.FLASH_WaitForLastOperation
                0x08002fb4       0x68 build/stm32f1xx_hal_flash.o
                0x08002fb4                FLASH_WaitForLastOperation
 .text.HAL_FLASH_Program
                0x0800301c       0xa0 build/stm32f1xx_hal_flash.o
                0x0800301c                HAL_FLASH_Program
 .text.FLASH_PageErase
                0x080030bc       0x24 build/stm32f1xx_hal_flash_ex.o
                0x080030bc                FLASH_PageErase
 .text.I2C_IsAcknowledgeFailed
                0x080030e0       0x32 build/stm32f1xx_hal_i2c.o
 .text.I2C_WaitOnFlagUntilTimeout
                0x08003112       0xaa build/stm32f1xx_hal_i2c.o
 .text.I2C_WaitOnMasterAddressFlagUntilTimeout
                0x080031bc       0xd6 build/stm32f1xx_hal_i2c.o
 *fill*         0x08003292        0x2 
 .text.I2C_MasterRequestWrite
                0x08003294       0xb4 build/stm32f1xx_hal_i2c.o
 .text.I2C_WaitOnTXEFlagUntilTimeout
                0x08003348       0x5e build/stm32f1xx_hal_i2c.o
 .text.I2C_WaitOnBTFFlagUntilTimeout
                0x080033a6       0x5e build/stm32f1xx_hal_i2c.o
 .text.HAL_I2C_Init
                0x08003404      0x1bc build/stm32f1xx_hal_i2c.o
                0x08003404                HAL_I2C_Init
 .text.HAL_I2C_Master_Transmit
                0x080035c0      0x178 build/stm32f1xx_hal_i2c.o
                0x080035c0                HAL_I2C_Master_Transmit
 .text.SPI_WaitFlagStateUntilTimeout
                0x08003738       0xd4 build/stm32f1xx_hal_spi.o
 .text.SPI_EndRxTxTransaction
                0x0800380c       0x44 build/stm32f1xx_hal_spi.o
 .text.SPI_EndRxTransaction
                0x08003850       0x74 build/stm32f1xx_hal_spi.o
 .text.HAL_SPI_Init
                0x080038c4       0xb6 build/stm32f1xx_hal_spi.o
                0x080038c4                HAL_SPI_Init
 .text.HAL_SPI_Transmit
                0x0800397a      0x1c4 build/stm32f1xx_hal_spi.o
                0x0800397a                HAL_SPI_Transmit
 .text.HAL_SPI_TransmitReceive
                0x08003b3e      0x254 build/stm32f1xx_hal_spi.o
                0x08003b3e                HAL_SPI_TransmitReceive
 .text.HAL_SPI_Receive
                0x08003d92      0x188 build/stm32f1xx_hal_spi.o
                0x08003d92                HAL_SPI_Receive
 .text.SystemInit
                0x08003f1a        0x2 build/system_stm32f1xx.o
                0x08003f1a                SystemInit
 .text.vListInitialise
                0x08003f1c       0x16 build/list.o
                0x08003f1c                vListInitialise
 .text.vListInitialiseItem
                0x08003f32        0x6 build/list.o
                0x08003f32                vListInitialiseItem
 .text.vListInsertEnd
                0x08003f38       0x16 build/list.o
                0x08003f38                vListInsertEnd
 .text.vListInsert
                0x08003f4e       0x32 build/list.o
                0x08003f4e                vListInsert
 .text.uxListRemove
                0x08003f80       0x26 build/list.o
                0x08003f80                uxListRemove
 *fill*         0x08003fa6        0x2 
 .text.prvResetNextTaskUnblockTime
                0x08003fa8       0x2c build/tasks.o
 .text.prvInitialiseNewTask
                0x08003fd4       0xa2 build/tasks.o
 *fill*         0x08004076        0x2 
 .text.prvInitialiseTaskLists
                0x08004078       0x68 build/tasks.o
 .text.prvAddNewTaskToReadyList
                0x080040e0       0xa8 build/tasks.o
 .text.prvDeleteTCB
                0x08004188       0x38 build/tasks.o
 .text.prvCheckTasksWaitingTermination
                0x080041c0       0x4c build/tasks.o
 .text.prvIdleTask
                0x0800420c       0x28 build/tasks.o
 .text.prvAddCurrentTaskToDelayedList
                0x08004234       0x98 build/tasks.o
 .text.xTaskCreateStatic
                0x080042cc       0x76 build/tasks.o
                0x080042cc                xTaskCreateStatic
 .text.xTaskCreate
                0x08004342       0x68 build/tasks.o
                0x08004342                xTaskCreate
 *fill*         0x080043aa        0x2 
 .text.vTaskStartScheduler
                0x080043ac       0x74 build/tasks.o
                0x080043ac                vTaskStartScheduler
 .text.vTaskSuspendAll
                0x08004420       0x10 build/tasks.o
                0x08004420                vTaskSuspendAll
 .text.xTaskIncrementTick
                0x08004430      0x118 build/tasks.o
                0x08004430                xTaskIncrementTick
 .text.xTaskResumeAll
                0x08004548       0xf8 build/tasks.o
                0x08004548                xTaskResumeAll
 .text.vTaskDelay
                0x08004640       0x4c build/tasks.o
                0x08004640                vTaskDelay
 .text.vTaskSwitchContext
                0x0800468c       0x98 build/tasks.o
                0x0800468c                vTaskSwitchContext
 .text.makeFreeRtosPriority
                0x08004724        0xc build/cmsis_os.o
 .text.osKernelStart
                0x08004730        0xa build/cmsis_os.o
                0x08004730                osKernelStart
 .text.osThreadCreate
                0x0800473a       0x6a build/cmsis_os.o
                0x0800473a                osThreadCreate
 .text.osDelay  0x080047a4        0xe build/cmsis_os.o
                0x080047a4                osDelay
 *fill*         0x080047b2        0x2 
 .text.prvHeapInit
                0x080047b4       0x64 build/heap_4.o
 .text.prvInsertBlockIntoFreeList
                0x08004818       0x60 build/heap_4.o
 .text.pvPortMalloc
                0x08004878       0xfc build/heap_4.o
                0x08004878                pvPortMalloc
 .text.vPortFree
                0x08004974       0x7c build/heap_4.o
                0x08004974                vPortFree
 .text.prvTaskExitError
                0x080049f0       0x40 build/port.o
 .text.prvPortStartFirstTask
                0x08004a30       0x20 build/port.o
 .text.pxPortInitialiseStack
                0x08004a50       0x24 build/port.o
                0x08004a50                pxPortInitialiseStack
 *fill*         0x08004a74        0xc 
 .text.SVC_Handler
                0x08004a80       0x24 build/port.o
                0x08004a80                SVC_Handler
 .text.vPortEnterCritical
                0x08004aa4       0x44 build/port.o
                0x08004aa4                vPortEnterCritical
 .text.vPortExitCritical
                0x08004ae8       0x2c build/port.o
                0x08004ae8                vPortExitCritical
 *fill*         0x08004b14        0xc 
 .text.PendSV_Handler
                0x08004b20       0x44 build/port.o
                0x08004b20                PendSV_Handler
 .text.SysTick_Handler
                0x08004b64       0x2c build/port.o
                0x08004b64                SysTick_Handler
 .text.vPortSetupTimerInterrupt
                0x08004b90       0x28 build/port.o
                0x08004b90                vPortSetupTimerInterrupt
 .text.xPortStartScheduler
                0x08004bb8       0xc0 build/port.o
                0x08004bb8                xPortStartScheduler
 .text._sbrk    0x08004c78       0x48 build/sysmem.o
                0x08004c78                _sbrk
 .text.OLED_Send
                0x08004cc0       0x20 build/oled.o
                0x08004cc0                OLED_Send
 .text.OLED_SendCmd
                0x08004ce0       0x14 build/oled.o
                0x08004ce0                OLED_SendCmd
 .text.OLED_NewFrame
                0x08004cf4       0x14 build/oled.o
                0x08004cf4                OLED_NewFrame
 .text.OLED_ShowFrame
                0x08004d08       0x4c build/oled.o
                0x08004d08                OLED_ShowFrame
 .text.OLED_Init
                0x08004d54       0xb4 build/oled.o
                0x08004d54                OLED_Init
 .text.OLED_SetPixel
                0x08004e08       0x48 build/oled.o
                0x08004e08                OLED_SetPixel
 .text.OLED_SetByte_Fine
                0x08004e50       0x6c build/oled.o
                0x08004e50                OLED_SetByte_Fine
 .text.OLED_SetBits_Fine
                0x08004ebc       0x78 build/oled.o
                0x08004ebc                OLED_SetBits_Fine
 .text.OLED_SetBits
                0x08004f34       0x4e build/oled.o
                0x08004f34                OLED_SetBits
 .text.OLED_SetBlock
                0x08004f82       0x8c build/oled.o
                0x08004f82                OLED_SetBlock
 *fill*         0x0800500e        0x2 
 .text.OLED_DrawLine
                0x08005010      0x13c build/oled.o
                0x08005010                OLED_DrawLine
 .text.OLED_DrawRectangle
                0x0800514c       0x5a build/oled.o
                0x0800514c                OLED_DrawRectangle
 .text.OLED_DrawFilledRectangle
                0x080051a6       0x3a build/oled.o
                0x080051a6                OLED_DrawFilledRectangle
 .text.OLED_DrawCircle
                0x080051e0      0x10c build/oled.o
                0x080051e0                OLED_DrawCircle
 .text.OLED_DrawFilledCircle
                0x080052ec       0xe4 build/oled.o
                0x080052ec                OLED_DrawFilledCircle
 .text.OLED_DrawImage
                0x080053d0       0x18 build/oled.o
                0x080053d0                OLED_DrawImage
 .text.OLED_PrintASCIIChar
                0x080053e8       0x2c build/oled.o
                0x080053e8                OLED_PrintASCIIChar
 .text.OLED_PrintASCIIString
                0x08005414       0x36 build/oled.o
                0x08005414                OLED_PrintASCIIString
 .text._OLED_GetUTF8Len
                0x0800544a       0x36 build/oled.o
                0x0800544a                _OLED_GetUTF8Len
 .text.OLED_PrintString
                0x08005480       0xf0 build/oled.o
                0x08005480                OLED_PrintString
 .text.NRF24L01_SPI_Send_Byte
                0x08005570       0x2c build/nrf24l01.o
 .text.NRF24L01_Write_Buf
                0x0800559c       0x44 build/nrf24l01.o
 .text.NRF24L01_Write_Reg
                0x080055e0       0x38 build/nrf24l01.o
 .text.NRF24L01_Read_Reg
                0x08005618       0x34 build/nrf24l01.o
 .text.NRF24L01_Read_Buf
                0x0800564c       0x44 build/nrf24l01.o
 .text.NRF24L01_Init
                0x08005690       0x30 build/nrf24l01.o
                0x08005690                NRF24L01_Init
 .text.NRF24L01_Check
                0x080056c0       0x4c build/nrf24l01.o
                0x080056c0                NRF24L01_Check
 .text.TX_Mode  0x0800570c       0x6c build/nrf24l01.o
                0x0800570c                TX_Mode
 .text.NRF24L01_TxPacket
                0x08005778       0x70 build/nrf24l01.o
                0x08005778                NRF24L01_TxPacket
 .text.FlashWriteNoCheck
                0x080057e8       0x26 build/flash.o
                0x080057e8                FlashWriteNoCheck
 *fill*         0x0800580e        0x2 
 .text.FlashWriteBuff
                0x08005810       0xac build/flash.o
                0x08005810                FlashWriteBuff
 .text.FlashReadBuff
                0x080058bc       0x58 build/flash.o
                0x080058bc                FlashReadBuff
 .text.DWT_CNT_Update
                0x08005914       0x4c build/bsp_dwt.o
 .text.DWT_Init
                0x08005960       0x70 build/bsp_dwt.o
                0x08005960                DWT_Init
 .text.DWT_Delay
                0x080059d0       0x38 build/bsp_dwt.o
                0x080059d0                DWT_Delay
 .text.RemoteDataProc
                0x08005a08       0x84 build/remote.o
 .text.RemoteHardware_Init
                0x08005a8c       0x40 build/remote.o
 .text.ScanRemoteInfo
                0x08005acc       0xc8 build/remote.o
 .text.ScanInfoTASK
                0x08005b94       0x18 build/remote.o
                0x08005b94                ScanInfoTASK
 .text.SendBuff
                0x08005bac       0x70 build/remote.o
 .text.SendTASK
                0x08005c1c        0xe build/remote.o
                0x08005c1c                SendTASK
 *fill*         0x08005c2a        0x2 
 .text.MenuTASK
                0x08005c2c       0x40 build/remote.o
                0x08005c2c                MenuTASK
 .text.Remote_Init
                0x08005c6c       0x28 build/remote.o
                0x08005c6c                Remote_Init
 .text.RemoteTask_Init
                0x08005c94       0x84 build/remote.o
                0x08005c94                RemoteTask_Init
 .text.GetRCpointer
                0x08005d18        0x8 build/remote.o
                0x08005d18                GetRCpointer
 .text.Key_GetEvent_Back
                0x08005d20       0x1c build/MENU.o
                0x08005d20                Key_GetEvent_Back
 .text.Key_GetEvent_Up
                0x08005d3c       0x1c build/MENU.o
                0x08005d3c                Key_GetEvent_Up
 .text.Key_GetEvent_Down
                0x08005d58       0x1c build/MENU.o
                0x08005d58                Key_GetEvent_Down
 .text.Key_GetEvent_Enter
                0x08005d74       0x1c build/MENU.o
                0x08005d74                Key_GetEvent_Enter
 .text.Key_GetEvent_Right
                0x08005d90        0x4 build/MENU.o
                0x08005d90                Key_GetEvent_Right
 .text.menu_command_callback
                0x08005d94       0xd0 build/MENU.o
                0x08005d94                menu_command_callback
 .text.MENU_UpdateIndex
                0x08005e64       0x5a build/MENU.o
                0x08005e64                MENU_UpdateIndex
 .text.MENU_Event_and_Action
                0x08005ebe       0x52 build/MENU.o
                0x08005ebe                MENU_Event_and_Action
 .text.MENU_ShowOption
                0x08005f10       0xc4 build/MENU.o
                0x08005f10                MENU_ShowOption
 .text.MENU_HandleInit
                0x08005fd4       0x46 build/MENU.o
                0x08005fd4                MENU_HandleInit
 *fill*         0x0800601a        0x6 
 .text.MENU_ShowOptionList
                0x08006020      0x12c build/MENU.o
                0x08006020                MENU_ShowOptionList
 *fill*         0x0800614c        0x4 
 .text.MENU_ShowCursor
                0x08006150      0x658 build/MENU.o
                0x08006150                MENU_ShowCursor
 .text.MENU_ShowBorder
                0x080067a8        0x2 build/MENU.o
                0x080067a8                MENU_ShowBorder
 *fill*         0x080067aa        0x2 
 .text.read_offset_rocker_from_flash
                0x080067ac       0x40 build/menu_task.o
 .text.write_offset_rocker_to_flash
                0x080067ec       0x40 build/menu_task.o
 .text.MENU_Init
                0x0800682c       0x18 build/menu_task.o
                0x0800682c                MENU_Init
 .text.MENU_RockerInfo
                0x08006844      0x194 build/menu_task.o
                0x08006844                MENU_RockerInfo
 .text.MENU_Calibration
                0x080069d8      0x224 build/menu_task.o
                0x080069d8                MENU_Calibration
 .text.MENU_ShowImage
                0x08006bfc      0x110 build/menu_task.o
                0x08006bfc                MENU_ShowImage
 *fill*         0x08006d0c        0x4 
 .text.MENU_ShowInfomation
                0x08006d10      0x178 build/menu_task.o
                0x08006d10                MENU_ShowInfomation
 .text.Reset_Handler
                0x08006e88       0x48 build/startup_stm32f103xb.o
                0x08006e88                Reset_Handler
 .text.Default_Handler
                0x08006ed0        0x2 build/startup_stm32f103xb.o
                0x08006ed0                RTC_Alarm_IRQHandler
                0x08006ed0                EXTI2_IRQHandler
                0x08006ed0                TIM1_CC_IRQHandler
                0x08006ed0                PVD_IRQHandler
                0x08006ed0                EXTI0_IRQHandler
                0x08006ed0                I2C2_EV_IRQHandler
                0x08006ed0                ADC1_2_IRQHandler
                0x08006ed0                SPI1_IRQHandler
                0x08006ed0                TAMPER_IRQHandler
                0x08006ed0                DMA1_Channel4_IRQHandler
                0x08006ed0                USART3_IRQHandler
                0x08006ed0                RTC_IRQHandler
                0x08006ed0                DMA1_Channel7_IRQHandler
                0x08006ed0                CAN1_RX1_IRQHandler
                0x08006ed0                I2C1_EV_IRQHandler
                0x08006ed0                DMA1_Channel6_IRQHandler
                0x08006ed0                TIM3_IRQHandler
                0x08006ed0                RCC_IRQHandler
                0x08006ed0                TIM1_TRG_COM_IRQHandler
                0x08006ed0                Default_Handler
                0x08006ed0                EXTI9_5_IRQHandler
                0x08006ed0                SPI2_IRQHandler
                0x08006ed0                DMA1_Channel5_IRQHandler
                0x08006ed0                USB_LP_CAN1_RX0_IRQHandler
                0x08006ed0                USB_HP_CAN1_TX_IRQHandler
                0x08006ed0                DMA1_Channel3_IRQHandler
                0x08006ed0                TIM1_UP_IRQHandler
                0x08006ed0                WWDG_IRQHandler
                0x08006ed0                TIM2_IRQHandler
                0x08006ed0                TIM1_BRK_IRQHandler
                0x08006ed0                EXTI1_IRQHandler
                0x08006ed0                USART2_IRQHandler
                0x08006ed0                I2C2_ER_IRQHandler
                0x08006ed0                DMA1_Channel2_IRQHandler
                0x08006ed0                CAN1_SCE_IRQHandler
                0x08006ed0                FLASH_IRQHandler
                0x08006ed0                USART1_IRQHandler
                0x08006ed0                I2C1_ER_IRQHandler
                0x08006ed0                USBWakeUp_IRQHandler
 *fill*         0x08006ed2        0x2 
 .text.__errno  0x08006ed4        0xc e:/ace2025/enviroment/gcc-arm-none-eabi-10.3-2021.10-win32/arm-gnu-toolchian/bin/../lib/gcc/arm-none-eabi/10.3.1/../../../../arm-none-eabi/lib/thumb/v7-m/nofp\libc_nano.a(lib_a-errno.o)
                0x08006ed4                __errno
 .text.__libc_init_array
                0x08006ee0       0x48 e:/ace2025/enviroment/gcc-arm-none-eabi-10.3-2021.10-win32/arm-gnu-toolchian/bin/../lib/gcc/arm-none-eabi/10.3.1/../../../../arm-none-eabi/lib/thumb/v7-m/nofp\libc_nano.a(lib_a-init.o)
                0x08006ee0                __libc_init_array
 .text.memcmp   0x08006f28       0x20 e:/ace2025/enviroment/gcc-arm-none-eabi-10.3-2021.10-win32/arm-gnu-toolchian/bin/../lib/gcc/arm-none-eabi/10.3.1/../../../../arm-none-eabi/lib/thumb/v7-m/nofp\libc_nano.a(lib_a-memcmp.o)
                0x08006f28                memcmp
 .text.memcpy   0x08006f48       0x1c e:/ace2025/enviroment/gcc-arm-none-eabi-10.3-2021.10-win32/arm-gnu-toolchian/bin/../lib/gcc/arm-none-eabi/10.3.1/../../../../arm-none-eabi/lib/thumb/v7-m/nofp\libc_nano.a(lib_a-memcpy-stub.o)
                0x08006f48                memcpy
 .text.memset   0x08006f64       0x10 e:/ace2025/enviroment/gcc-arm-none-eabi-10.3-2021.10-win32/arm-gnu-toolchian/bin/../lib/gcc/arm-none-eabi/10.3.1/../../../../arm-none-eabi/lib/thumb/v7-m/nofp\libc_nano.a(lib_a-memset.o)
                0x08006f64                memset
 .text.sprintf  0x08006f74       0x40 e:/ace2025/enviroment/gcc-arm-none-eabi-10.3-2021.10-win32/arm-gnu-toolchian/bin/../lib/gcc/arm-none-eabi/10.3.1/../../../../arm-none-eabi/lib/thumb/v7-m/nofp\libc_nano.a(lib_a-sprintf.o)
                0x08006f74                siprintf
                0x08006f74                sprintf
 .text.__ssputs_r
                0x08006fb4       0xb6 e:/ace2025/enviroment/gcc-arm-none-eabi-10.3-2021.10-win32/arm-gnu-toolchian/bin/../lib/gcc/arm-none-eabi/10.3.1/../../../../arm-none-eabi/lib/thumb/v7-m/nofp\libc_nano.a(lib_a-nano-svfprintf.o)
                0x08006fb4                __ssputs_r
 *fill*         0x0800706a        0x2 
 .text._svfprintf_r
                0x0800706c      0x200 e:/ace2025/enviroment/gcc-arm-none-eabi-10.3-2021.10-win32/arm-gnu-toolchian/bin/../lib/gcc/arm-none-eabi/10.3.1/../../../../arm-none-eabi/lib/thumb/v7-m/nofp\libc_nano.a(lib_a-nano-svfprintf.o)
                0x0800706c                _svfiprintf_r
                0x0800706c                _svfprintf_r
 .text._printf_common
                0x0800726c       0xde e:/ace2025/enviroment/gcc-arm-none-eabi-10.3-2021.10-win32/arm-gnu-toolchian/bin/../lib/gcc/arm-none-eabi/10.3.1/../../../../arm-none-eabi/lib/thumb/v7-m/nofp\libc_nano.a(lib_a-nano-vfprintf_i.o)
                0x0800726c                _printf_common
 *fill*         0x0800734a        0x2 
 .text._printf_i
                0x0800734c      0x24c e:/ace2025/enviroment/gcc-arm-none-eabi-10.3-2021.10-win32/arm-gnu-toolchian/bin/../lib/gcc/arm-none-eabi/10.3.1/../../../../arm-none-eabi/lib/thumb/v7-m/nofp\libc_nano.a(lib_a-nano-vfprintf_i.o)
                0x0800734c                _printf_i
 .text.memchr   0x08007598       0x1c e:/ace2025/enviroment/gcc-arm-none-eabi-10.3-2021.10-win32/arm-gnu-toolchian/bin/../lib/gcc/arm-none-eabi/10.3.1/../../../../arm-none-eabi/lib/thumb/v7-m/nofp\libc_nano.a(lib_a-memchr-stub.o)
                0x08007598                memchr
 .text.memmove  0x080075b4       0x34 e:/ace2025/enviroment/gcc-arm-none-eabi-10.3-2021.10-win32/arm-gnu-toolchian/bin/../lib/gcc/arm-none-eabi/10.3.1/../../../../arm-none-eabi/lib/thumb/v7-m/nofp\libc_nano.a(lib_a-memmove.o)
                0x080075b4                memmove
 .text._free_r  0x080075e8       0x90 e:/ace2025/enviroment/gcc-arm-none-eabi-10.3-2021.10-win32/arm-gnu-toolchian/bin/../lib/gcc/arm-none-eabi/10.3.1/../../../../arm-none-eabi/lib/thumb/v7-m/nofp\libc_nano.a(lib_a-nano-freer.o)
                0x080075e8                _free_r
 .text.sbrk_aligned
                0x08007678       0x40 e:/ace2025/enviroment/gcc-arm-none-eabi-10.3-2021.10-win32/arm-gnu-toolchian/bin/../lib/gcc/arm-none-eabi/10.3.1/../../../../arm-none-eabi/lib/thumb/v7-m/nofp\libc_nano.a(lib_a-nano-mallocr.o)
 .text._malloc_r
                0x080076b8       0xe8 e:/ace2025/enviroment/gcc-arm-none-eabi-10.3-2021.10-win32/arm-gnu-toolchian/bin/../lib/gcc/arm-none-eabi/10.3.1/../../../../arm-none-eabi/lib/thumb/v7-m/nofp\libc_nano.a(lib_a-nano-mallocr.o)
                0x080076b8                _malloc_r
 .text._realloc_r
                0x080077a0       0x5e e:/ace2025/enviroment/gcc-arm-none-eabi-10.3-2021.10-win32/arm-gnu-toolchian/bin/../lib/gcc/arm-none-eabi/10.3.1/../../../../arm-none-eabi/lib/thumb/v7-m/nofp\libc_nano.a(lib_a-nano-reallocr.o)
                0x080077a0                _realloc_r
 *fill*         0x080077fe        0x2 
 .text._sbrk_r  0x08007800       0x20 e:/ace2025/enviroment/gcc-arm-none-eabi-10.3-2021.10-win32/arm-gnu-toolchian/bin/../lib/gcc/arm-none-eabi/10.3.1/../../../../arm-none-eabi/lib/thumb/v7-m/nofp\libc_nano.a(lib_a-sbrkr.o)
                0x08007800                _sbrk_r
 .text.__malloc_lock
                0x08007820        0xc e:/ace2025/enviroment/gcc-arm-none-eabi-10.3-2021.10-win32/arm-gnu-toolchian/bin/../lib/gcc/arm-none-eabi/10.3.1/../../../../arm-none-eabi/lib/thumb/v7-m/nofp\libc_nano.a(lib_a-mlock.o)
                0x08007820                __malloc_lock
 .text.__malloc_unlock
                0x0800782c        0xc e:/ace2025/enviroment/gcc-arm-none-eabi-10.3-2021.10-win32/arm-gnu-toolchian/bin/../lib/gcc/arm-none-eabi/10.3.1/../../../../arm-none-eabi/lib/thumb/v7-m/nofp\libc_nano.a(lib_a-mlock.o)
                0x0800782c                __malloc_unlock
 .text._malloc_usable_size_r
                0x08007838       0x10 e:/ace2025/enviroment/gcc-arm-none-eabi-10.3-2021.10-win32/arm-gnu-toolchian/bin/../lib/gcc/arm-none-eabi/10.3.1/../../../../arm-none-eabi/lib/thumb/v7-m/nofp\libc_nano.a(lib_a-nano-msizer.o)
                0x08007838                _malloc_usable_size_r
 .text.__retarget_lock_acquire_recursive
                0x08007848        0x2 e:/ace2025/enviroment/gcc-arm-none-eabi-10.3-2021.10-win32/arm-gnu-toolchian/bin/../lib/gcc/arm-none-eabi/10.3.1/../../../../arm-none-eabi/lib/thumb/v7-m/nofp\libc_nano.a(lib_a-lock.o)
                0x08007848                __retarget_lock_acquire_recursive
 .text.__retarget_lock_release_recursive
                0x0800784a        0x2 e:/ace2025/enviroment/gcc-arm-none-eabi-10.3-2021.10-win32/arm-gnu-toolchian/bin/../lib/gcc/arm-none-eabi/10.3.1/../../../../arm-none-eabi/lib/thumb/v7-m/nofp\libc_nano.a(lib_a-lock.o)
                0x0800784a                __retarget_lock_release_recursive
 *(.glue_7)
 .glue_7        0x0800784c        0x0 linker stubs
 *(.glue_7t)
 .glue_7t       0x0800784c        0x0 linker stubs
 *(.eh_frame)
 .eh_frame      0x0800784c        0x0 e:/ace2025/enviroment/gcc-arm-none-eabi-10.3-2021.10-win32/arm-gnu-toolchian/bin/../lib/gcc/arm-none-eabi/10.3.1/thumb/v7-m/nofp/crtbegin.o
 *(.init)
 .init          0x0800784c        0x4 e:/ace2025/enviroment/gcc-arm-none-eabi-10.3-2021.10-win32/arm-gnu-toolchian/bin/../lib/gcc/arm-none-eabi/10.3.1/thumb/v7-m/nofp/crti.o
                0x0800784c                _init
 .init          0x08007850        0x8 e:/ace2025/enviroment/gcc-arm-none-eabi-10.3-2021.10-win32/arm-gnu-toolchian/bin/../lib/gcc/arm-none-eabi/10.3.1/thumb/v7-m/nofp/crtn.o
 *(.fini)
 .fini          0x08007858        0x4 e:/ace2025/enviroment/gcc-arm-none-eabi-10.3-2021.10-win32/arm-gnu-toolchian/bin/../lib/gcc/arm-none-eabi/10.3.1/thumb/v7-m/nofp/crti.o
                0x08007858                _fini
 .fini          0x0800785c        0x8 e:/ace2025/enviroment/gcc-arm-none-eabi-10.3-2021.10-win32/arm-gnu-toolchian/bin/../lib/gcc/arm-none-eabi/10.3.1/thumb/v7-m/nofp/crtn.o
                0x08007864                . = ALIGN (0x4)
                0x08007864                _etext = .

.vfp11_veneer   0x08007864        0x0
 .vfp11_veneer  0x08007864        0x0 linker stubs

.v4_bx          0x08007864        0x0
 .v4_bx         0x08007864        0x0 linker stubs

.iplt           0x08007864        0x0
 .iplt          0x08007864        0x0 e:/ace2025/enviroment/gcc-arm-none-eabi-10.3-2021.10-win32/arm-gnu-toolchian/bin/../lib/gcc/arm-none-eabi/10.3.1/thumb/v7-m/nofp/crtbegin.o

.rodata         0x08007864     0x2968
                0x08007864                . = ALIGN (0x4)
 *(.rodata)
 .rodata        0x08007864       0x1c build/freertos.o
 .rodata        0x08007880       0x54 build/remote.o
 *(.rodata*)
 .rodata.str1.4
                0x080078d4        0xc build/freertos.o
 .rodata.aPLLMULFactorTable.1
                0x080078e0       0x10 build/stm32f1xx_hal_rcc.o
 .rodata.aPredivFactorTable.0
                0x080078f0        0x2 build/stm32f1xx_hal_rcc.o
 *fill*         0x080078f2        0x2 
 .rodata.aPLLMULFactorTable.1
                0x080078f4       0x10 build/stm32f1xx_hal_rcc_ex.o
 .rodata.aPredivFactorTable.0
                0x08007904        0x2 build/stm32f1xx_hal_rcc_ex.o
 *fill*         0x08007906        0x2 
 .rodata.AHBPrescTable
                0x08007908       0x10 build/system_stm32f1xx.o
                0x08007908                AHBPrescTable
 .rodata.APBPrescTable
                0x08007918        0x8 build/system_stm32f1xx.o
                0x08007918                APBPrescTable
 .rodata.vTaskStartScheduler.str1.4
                0x08007920        0x5 build/tasks.o
 *fill*         0x08007925        0x3 
 .rodata.ACEData
                0x08007928      0x200 build/font.o
                0x08007928                ACEData
 .rodata.ACEImg
                0x08007b28        0x8 build/font.o
                0x08007b28                ACEImg
 .rodata.APEXData
                0x08007b30      0x1f8 build/font.o
                0x08007b30                APEXData
 .rodata.APEXImg
                0x08007d28        0x8 build/font.o
                0x08007d28                APEXImg
 .rodata.CSGOData
                0x08007d30      0x348 build/font.o
                0x08007d30                CSGOData
 .rodata.CSGOImg
                0x08008078        0x8 build/font.o
                0x08008078                CSGOImg
 .rodata.ROBOMASTERData
                0x08008080      0x2e8 build/font.o
                0x08008080                ROBOMASTERData
 .rodata.ROBOMASTERImg
                0x08008368        0x8 build/font.o
                0x08008368                ROBOMASTERImg
 .rodata.afont12x6
                0x08008370        0x8 build/font.o
                0x08008370                afont12x6
 .rodata.afont16x8
                0x08008378        0x8 build/font.o
                0x08008378                afont16x8
 .rodata.ascii_12x6
                0x08008380      0x474 build/font.o
                0x08008380                ascii_12x6
 .rodata.ascii_16x8
                0x080087f4      0x5f0 build/font.o
                0x080087f4                ascii_16x8
 .rodata.dafuData
                0x08008de4      0x300 build/font.o
                0x08008de4                dafuData
 .rodata.dafuImg
                0x080090e4        0x8 build/font.o
                0x080090e4                dafuImg
 .rodata.font14x14
                0x080090ec       0x10 build/font.o
                0x080090ec                font14x14
 .rodata.font16x16
                0x080090fc       0x10 build/font.o
                0x080090fc                font16x16
 .rodata.heroainfData
                0x0800910c      0x300 build/font.o
                0x0800910c                heroainfData
 .rodata.heroainfImg
                0x0800940c        0x8 build/font.o
                0x0800940c                heroainfImg
 .rodata.inf4Data
                0x08009414      0x300 build/font.o
                0x08009414                inf4Data
 .rodata.inf4Img
                0x08009714        0x8 build/font.o
                0x08009714                inf4Img
 .rodata.infantry34Data
                0x0800971c      0x2a8 build/font.o
                0x0800971c                infantry34Data
 .rodata.infantry34Img
                0x080099c4        0x8 build/font.o
                0x080099c4                infantry34Img
 .rodata.zh14x14
                0x080099cc      0x320 build/font.o
                0x080099cc                zh14x14
 .rodata.zh16x16
                0x08009cec      0x384 build/font.o
                0x08009cec                zh16x16
 .rodata.NRF24L01_Check.str1.4
                0x0800a070        0x6 build/nrf24l01.o
 *fill*         0x0800a076        0x2 
 .rodata.str1.4
                0x0800a078       0x5b build/remote.o
 *fill*         0x0800a0d3        0x1 
 .rodata.MENU_Calibration.str1.4
                0x0800a0d4       0x94 build/menu_task.o
 .rodata.MENU_ShowInfomation.str1.4
                0x0800a168       0x31 build/menu_task.o
 .rodata._svfprintf_r.str1.1
                0x0800a199       0x11 e:/ace2025/enviroment/gcc-arm-none-eabi-10.3-2021.10-win32/arm-gnu-toolchian/bin/../lib/gcc/arm-none-eabi/10.3.1/../../../../arm-none-eabi/lib/thumb/v7-m/nofp\libc_nano.a(lib_a-nano-svfprintf.o)
 .rodata._printf_i.str1.1
                0x0800a1aa       0x22 e:/ace2025/enviroment/gcc-arm-none-eabi-10.3-2021.10-win32/arm-gnu-toolchian/bin/../lib/gcc/arm-none-eabi/10.3.1/../../../../arm-none-eabi/lib/thumb/v7-m/nofp\libc_nano.a(lib_a-nano-vfprintf_i.o)
                0x0800a1cc                . = ALIGN (0x4)

.rel.dyn        0x0800a1cc        0x0
 .rel.iplt      0x0800a1cc        0x0 e:/ace2025/enviroment/gcc-arm-none-eabi-10.3-2021.10-win32/arm-gnu-toolchian/bin/../lib/gcc/arm-none-eabi/10.3.1/thumb/v7-m/nofp/crtbegin.o

.ARM.extab
 *(.ARM.extab* .gnu.linkonce.armextab.*)

.ARM            0x0800a1cc        0x0
                0x0800a1cc                __exidx_start = .
 *(.ARM.exidx*)
                0x0800a1cc                __exidx_end = .

.preinit_array  0x0800a1cc        0x0
                0x0800a1cc                PROVIDE (__preinit_array_start = .)
 *(.preinit_array*)
                0x0800a1cc                PROVIDE (__preinit_array_end = .)

.init_array     0x0800a1cc        0x4
                0x0800a1cc                PROVIDE (__init_array_start = .)
 *(SORT_BY_NAME(.init_array.*))
 *(.init_array*)
 .init_array    0x0800a1cc        0x4 e:/ace2025/enviroment/gcc-arm-none-eabi-10.3-2021.10-win32/arm-gnu-toolchian/bin/../lib/gcc/arm-none-eabi/10.3.1/thumb/v7-m/nofp/crtbegin.o
                0x0800a1d0                PROVIDE (__init_array_end = .)

.fini_array     0x0800a1d0        0x4
                [!provide]                PROVIDE (__fini_array_start = .)
 *(SORT_BY_NAME(.fini_array.*))
 *(.fini_array*)
 .fini_array    0x0800a1d0        0x4 e:/ace2025/enviroment/gcc-arm-none-eabi-10.3-2021.10-win32/arm-gnu-toolchian/bin/../lib/gcc/arm-none-eabi/10.3.1/thumb/v7-m/nofp/crtbegin.o
                [!provide]                PROVIDE (__fini_array_end = .)
                0x0800a1d4                _sidata = LOADADDR (.data)

.data           0x20000000       0xf4 load address 0x0800a1d4
                0x20000000                . = ALIGN (0x4)
                0x20000000                _sdata = .
 *(.data)
 *(.data*)
 .data.uwTickFreq
                0x20000000        0x1 build/stm32f1xx_hal.o
                0x20000000                uwTickFreq
 *fill*         0x20000001        0x3 
 .data.uwTickPrio
                0x20000004        0x4 build/stm32f1xx_hal.o
                0x20000004                uwTickPrio
 .data.SystemCoreClock
                0x20000008        0x4 build/system_stm32f1xx.o
                0x20000008                SystemCoreClock
 .data.uxCriticalNesting
                0x2000000c        0x4 build/port.o
 .data.INIT_ADDR
                0x20000010        0x5 build/nrf24l01.o
                0x20000010                INIT_ADDR
 *fill*         0x20000015        0x3 
 .data.MENU     0x20000018       0x14 build/remote.o
 .data.MENU_OptionList
                0x2000002c       0x60 build/remote.o
 .data.rank_img.0
                0x2000008c        0x1 build/menu_task.o
 *fill*         0x2000008d        0x3 
 .data._impure_ptr
                0x20000090        0x4 e:/ace2025/enviroment/gcc-arm-none-eabi-10.3-2021.10-win32/arm-gnu-toolchian/bin/../lib/gcc/arm-none-eabi/10.3.1/../../../../arm-none-eabi/lib/thumb/v7-m/nofp\libc_nano.a(lib_a-impure.o)
                0x20000090                _impure_ptr
 .data.impure_data
                0x20000094       0x60 e:/ace2025/enviroment/gcc-arm-none-eabi-10.3-2021.10-win32/arm-gnu-toolchian/bin/../lib/gcc/arm-none-eabi/10.3.1/../../../../arm-none-eabi/lib/thumb/v7-m/nofp\libc_nano.a(lib_a-impure.o)
                0x200000f4                . = ALIGN (0x4)
                0x200000f4                _edata = .

.igot.plt       0x200000f4        0x0 load address 0x0800a2c8
 .igot.plt      0x200000f4        0x0 e:/ace2025/enviroment/gcc-arm-none-eabi-10.3-2021.10-win32/arm-gnu-toolchian/bin/../lib/gcc/arm-none-eabi/10.3.1/thumb/v7-m/nofp/crtbegin.o
                0x200000f4                . = ALIGN (0x4)

.bss            0x200000f8     0x16dc load address 0x0800a2c8
                0x200000f8                _sbss = .
                0x200000f8                __bss_start__ = _sbss
 *(.bss)
 .bss           0x200000f8       0x1c e:/ace2025/enviroment/gcc-arm-none-eabi-10.3-2021.10-win32/arm-gnu-toolchian/bin/../lib/gcc/arm-none-eabi/10.3.1/thumb/v7-m/nofp/crtbegin.o
 *(.bss*)
 .bss.defaultTaskHandle
                0x20000114        0x4 build/freertos.o
                0x20000114                defaultTaskHandle
 .bss.xIdleStack
                0x20000118      0x200 build/freertos.o
 .bss.xIdleTaskTCBBuffer
                0x20000318       0x54 build/freertos.o
 .bss.hadc1     0x2000036c       0x30 build/adc.o
                0x2000036c                hadc1
 .bss.hdma_adc1
                0x2000039c       0x44 build/adc.o
                0x2000039c                hdma_adc1
 .bss.hi2c1     0x200003e0       0x54 build/i2c.o
                0x200003e0                hi2c1
 .bss.hspi1     0x20000434       0x58 build/spi.o
                0x20000434                hspi1
 .bss.last_tick.0
                0x2000048c        0x4 build/stm32f1xx_it.o
 .bss.last_tick.2
                0x20000490        0x4 build/stm32f1xx_it.o
 .bss.last_tick.4
                0x20000494        0x4 build/stm32f1xx_it.o
 .bss.last_tick.6
                0x20000498        0x4 build/stm32f1xx_it.o
 .bss.tick.1    0x2000049c        0x4 build/stm32f1xx_it.o
 .bss.tick.3    0x200004a0        0x4 build/stm32f1xx_it.o
 .bss.tick.5    0x200004a4        0x4 build/stm32f1xx_it.o
 .bss.tick.7    0x200004a8        0x4 build/stm32f1xx_it.o
 .bss.htim4     0x200004ac       0x48 build/stm32f1xx_hal_timebase_tim.o
                0x200004ac                htim4
 .bss.uwTick    0x200004f4        0x4 build/stm32f1xx_hal.o
                0x200004f4                uwTick
 .bss.pFlash    0x200004f8       0x20 build/stm32f1xx_hal_flash.o
                0x200004f8                pFlash
 .bss.pxCurrentTCB
                0x20000518        0x4 build/tasks.o
                0x20000518                pxCurrentTCB
 .bss.pxDelayedTaskList
                0x2000051c        0x4 build/tasks.o
 .bss.pxOverflowDelayedTaskList
                0x20000520        0x4 build/tasks.o
 .bss.pxReadyTasksLists
                0x20000524       0x8c build/tasks.o
 .bss.uxCurrentNumberOfTasks
                0x200005b0        0x4 build/tasks.o
 .bss.uxDeletedTasksWaitingCleanUp
                0x200005b4        0x4 build/tasks.o
 .bss.uxSchedulerSuspended
                0x200005b8        0x4 build/tasks.o
 .bss.uxTaskNumber
                0x200005bc        0x4 build/tasks.o
 .bss.uxTopReadyPriority
                0x200005c0        0x4 build/tasks.o
 .bss.xDelayedTaskList1
                0x200005c4       0x14 build/tasks.o
 .bss.xDelayedTaskList2
                0x200005d8       0x14 build/tasks.o
 .bss.xIdleTaskHandle
                0x200005ec        0x4 build/tasks.o
 .bss.xNextTaskUnblockTime
                0x200005f0        0x4 build/tasks.o
 .bss.xNumOfOverflows
                0x200005f4        0x4 build/tasks.o
 .bss.xPendedTicks
                0x200005f8        0x4 build/tasks.o
 .bss.xPendingReadyList
                0x200005fc       0x14 build/tasks.o
 .bss.xSchedulerRunning
                0x20000610        0x4 build/tasks.o
 .bss.xSuspendedTaskList
                0x20000614       0x14 build/tasks.o
 .bss.xTasksWaitingTermination
                0x20000628       0x14 build/tasks.o
 .bss.xTickCount
                0x2000063c        0x4 build/tasks.o
 .bss.xYieldPending
                0x20000640        0x4 build/tasks.o
 .bss.pxEnd     0x20000644        0x4 build/heap_4.o
 .bss.ucHeap    0x20000648      0xc00 build/heap_4.o
 .bss.xBlockAllocatedBit
                0x20001248        0x4 build/heap_4.o
 .bss.xFreeBytesRemaining
                0x2000124c        0x4 build/heap_4.o
 .bss.xMinimumEverFreeBytesRemaining
                0x20001250        0x4 build/heap_4.o
 .bss.xNumberOfSuccessfulAllocations
                0x20001254        0x4 build/heap_4.o
 .bss.xNumberOfSuccessfulFrees
                0x20001258        0x4 build/heap_4.o
 .bss.xStart    0x2000125c        0x8 build/heap_4.o
 .bss.ucMaxSysCallPriority
                0x20001264        0x1 build/port.o
 *fill*         0x20001265        0x3 
 .bss.ulMaxPRIGROUPValue
                0x20001268        0x4 build/port.o
 .bss.__sbrk_heap_end
                0x2000126c        0x4 build/sysmem.o
 .bss.OLED_GRAM
                0x20001270      0x400 build/oled.o
                0x20001270                OLED_GRAM
 .bss.sendBuffer.2
                0x20001670       0x81 build/oled.o
 *fill*         0x200016f1        0x3 
 .bss.sendBuffer.3
                0x200016f4        0x2 build/oled.o
 .bss.temp.0    0x200016f6        0x1 build/oled.o
 .bss.temp.1    0x200016f7        0x1 build/oled.o
 .bss.CPU_FREQ_Hz
                0x200016f8        0x4 build/bsp_dwt.o
 .bss.CPU_FREQ_Hz_ms
                0x200016fc        0x4 build/bsp_dwt.o
 .bss.CPU_FREQ_Hz_us
                0x20001700        0x4 build/bsp_dwt.o
 .bss.CYCCNT_LAST
                0x20001704        0x4 build/bsp_dwt.o
 .bss.CYCCNT_RountCount
                0x20001708        0x4 build/bsp_dwt.o
 .bss.bit_locker.3
                0x2000170c        0x1 build/bsp_dwt.o
 *fill*         0x2000170d        0x3 
 .bss.adc_val   0x20001710       0x10 build/remote.o
                0x20001710                adc_val
 .bss.menuTaskHandle
                0x20001720        0x4 build/remote.o
                0x20001720                menuTaskHandle
 .bss.remote    0x20001724       0x20 build/remote.o
                0x20001724                remote
 .bss.remote_info
                0x20001744        0xe build/remote.o
                0x20001744                remote_info
 *fill*         0x20001752        0x2 
 .bss.scaninfoTaskHandle
                0x20001754        0x4 build/remote.o
                0x20001754                scaninfoTaskHandle
 .bss.sendTaskHandle
                0x20001758        0x4 build/remote.o
                0x20001758                sendTaskHandle
 .bss.tx_buf    0x2000175c        0x8 build/remote.o
                0x2000175c                tx_buf
 .bss.VerticalOffsetBuffer.22
                0x20001764        0x4 build/MENU.o
 .bss.actual_xend.13
                0x20001768        0x4 build/MENU.o
 .bss.actual_xsta.17
                0x2000176c        0x4 build/MENU.o
 .bss.actual_yend.11
                0x20001770        0x4 build/MENU.o
 .bss.actual_ysta.15
                0x20001774        0x4 build/MENU.o
 .bss.bounce_cnt_xend.7
                0x20001778        0x1 build/MENU.o
 .bss.bounce_cnt_xsta.9
                0x20001779        0x1 build/MENU.o
 .bss.bounce_cnt_yend.6
                0x2000177a        0x1 build/MENU.o
 .bss.bounce_cnt_ysta.8
                0x2000177b        0x1 build/MENU.o
 .bss.bounce_xend.12
                0x2000177c        0x4 build/MENU.o
 .bss.bounce_xsta.16
                0x20001780        0x4 build/MENU.o
 .bss.bounce_yend.10
                0x20001784        0x4 build/MENU.o
 .bss.bounce_ysta.14
                0x20001788        0x4 build/MENU.o
 .bss.key       0x2000178c        0x1 build/MENU.o
                0x2000178c                key
 *fill*         0x2000178d        0x3 
 .bss.target_xend.19
                0x20001790        0x4 build/MENU.o
 .bss.target_xsta.21
                0x20001794        0x4 build/MENU.o
 .bss.target_yend.18
                0x20001798        0x4 build/MENU.o
 .bss.target_ysta.20
                0x2000179c        0x4 build/MENU.o
 .bss.adc_cnt.2
                0x200017a0        0x2 build/menu_task.o
 *fill*         0x200017a2        0x2 
 .bss.adc_sum.1
                0x200017a4       0x18 build/menu_task.o
 .bss.rc        0x200017bc        0x4 build/menu_task.o
                0x200017bc                rc
 .bss.state.3   0x200017c0        0x1 build/menu_task.o
 *fill*         0x200017c1        0x3 
 .bss.__malloc_free_list
                0x200017c4        0x4 e:/ace2025/enviroment/gcc-arm-none-eabi-10.3-2021.10-win32/arm-gnu-toolchian/bin/../lib/gcc/arm-none-eabi/10.3.1/../../../../arm-none-eabi/lib/thumb/v7-m/nofp\libc_nano.a(lib_a-nano-mallocr.o)
                0x200017c4                __malloc_free_list
 .bss.__malloc_sbrk_start
                0x200017c8        0x4 e:/ace2025/enviroment/gcc-arm-none-eabi-10.3-2021.10-win32/arm-gnu-toolchian/bin/../lib/gcc/arm-none-eabi/10.3.1/../../../../arm-none-eabi/lib/thumb/v7-m/nofp\libc_nano.a(lib_a-nano-mallocr.o)
                0x200017c8                __malloc_sbrk_start
 .bss.errno     0x200017cc        0x4 e:/ace2025/enviroment/gcc-arm-none-eabi-10.3-2021.10-win32/arm-gnu-toolchian/bin/../lib/gcc/arm-none-eabi/10.3.1/../../../../arm-none-eabi/lib/thumb/v7-m/nofp\libc_nano.a(lib_a-reent.o)
                0x200017cc                errno
 .bss.__lock___malloc_recursive_mutex
                0x200017d0        0x1 e:/ace2025/enviroment/gcc-arm-none-eabi-10.3-2021.10-win32/arm-gnu-toolchian/bin/../lib/gcc/arm-none-eabi/10.3.1/../../../../arm-none-eabi/lib/thumb/v7-m/nofp\libc_nano.a(lib_a-lock.o)
                0x200017d0                __lock___malloc_recursive_mutex
 *(COMMON)
                0x200017d4                . = ALIGN (0x4)
 *fill*         0x200017d1        0x3 
                0x200017d4                _ebss = .
                0x200017d4                __bss_end__ = _ebss

._user_heap_stack
                0x200017d4     0x1004 load address 0x0800a2c8
                0x200017d8                . = ALIGN (0x8)
 *fill*         0x200017d4        0x4 
                [!provide]                PROVIDE (end = .)
                0x200017d8                PROVIDE (_end = .)
                0x20001fd8                . = (. + _Min_Heap_Size)
 *fill*         0x200017d8      0x800 
                0x200027d8                . = (. + _Min_Stack_Size)
 *fill*         0x20001fd8      0x800 
                0x200027d8                . = ALIGN (0x8)

/DISCARD/
 libc.a(*)
 libm.a(*)
 libgcc.a(*)
OUTPUT(build/remote.elf elf32-littlearm)
LOAD linker stubs
LOAD e:/ace2025/enviroment/gcc-arm-none-eabi-10.3-2021.10-win32/arm-gnu-toolchian/bin/../lib/gcc/arm-none-eabi/10.3.1/../../../../arm-none-eabi/lib/thumb/v7-m/nofp\libc.a
LOAD e:/ace2025/enviroment/gcc-arm-none-eabi-10.3-2021.10-win32/arm-gnu-toolchian/bin/../lib/gcc/arm-none-eabi/10.3.1/../../../../arm-none-eabi/lib/thumb/v7-m/nofp\libm.a
LOAD e:/ace2025/enviroment/gcc-arm-none-eabi-10.3-2021.10-win32/arm-gnu-toolchian/bin/../lib/gcc/arm-none-eabi/10.3.1/thumb/v7-m/nofp\libgcc.a

.ARM.attributes
                0x00000000       0x29
 .ARM.attributes
                0x00000000       0x1d e:/ace2025/enviroment/gcc-arm-none-eabi-10.3-2021.10-win32/arm-gnu-toolchian/bin/../lib/gcc/arm-none-eabi/10.3.1/thumb/v7-m/nofp/crti.o
 .ARM.attributes
                0x0000001d       0x2d e:/ace2025/enviroment/gcc-arm-none-eabi-10.3-2021.10-win32/arm-gnu-toolchian/bin/../lib/gcc/arm-none-eabi/10.3.1/thumb/v7-m/nofp/crtbegin.o
 .ARM.attributes
                0x0000004a       0x2d build/main.o
 .ARM.attributes
                0x00000077       0x2d build/gpio.o
 .ARM.attributes
                0x000000a4       0x2d build/freertos.o
 .ARM.attributes
                0x000000d1       0x2d build/adc.o
 .ARM.attributes
                0x000000fe       0x2d build/dma.o
 .ARM.attributes
                0x0000012b       0x2d build/i2c.o
 .ARM.attributes
                0x00000158       0x2d build/spi.o
 .ARM.attributes
                0x00000185       0x2d build/stm32f1xx_it.o
 .ARM.attributes
                0x000001b2       0x2d build/stm32f1xx_hal_msp.o
 .ARM.attributes
                0x000001df       0x2d build/stm32f1xx_hal_timebase_tim.o
 .ARM.attributes
                0x0000020c       0x2d build/stm32f1xx_hal_tim.o
 .ARM.attributes
                0x00000239       0x2d build/stm32f1xx_hal_tim_ex.o
 .ARM.attributes
                0x00000266       0x2d build/stm32f1xx_hal_adc.o
 .ARM.attributes
                0x00000293       0x2d build/stm32f1xx_hal_adc_ex.o
 .ARM.attributes
                0x000002c0       0x2d build/stm32f1xx_hal.o
 .ARM.attributes
                0x000002ed       0x2d build/stm32f1xx_hal_rcc.o
 .ARM.attributes
                0x0000031a       0x2d build/stm32f1xx_hal_rcc_ex.o
 .ARM.attributes
                0x00000347       0x2d build/stm32f1xx_hal_gpio.o
 .ARM.attributes
                0x00000374       0x2d build/stm32f1xx_hal_dma.o
 .ARM.attributes
                0x000003a1       0x2d build/stm32f1xx_hal_cortex.o
 .ARM.attributes
                0x000003ce       0x2d build/stm32f1xx_hal_flash.o
 .ARM.attributes
                0x000003fb       0x2d build/stm32f1xx_hal_flash_ex.o
 .ARM.attributes
                0x00000428       0x2d build/stm32f1xx_hal_i2c.o
 .ARM.attributes
                0x00000455       0x2d build/stm32f1xx_hal_spi.o
 .ARM.attributes
                0x00000482       0x2d build/system_stm32f1xx.o
 .ARM.attributes
                0x000004af       0x2d build/list.o
 .ARM.attributes
                0x000004dc       0x2d build/tasks.o
 .ARM.attributes
                0x00000509       0x2d build/cmsis_os.o
 .ARM.attributes
                0x00000536       0x2d build/heap_4.o
 .ARM.attributes
                0x00000563       0x2d build/port.o
 .ARM.attributes
                0x00000590       0x2d build/sysmem.o
 .ARM.attributes
                0x000005bd       0x2d build/font.o
 .ARM.attributes
                0x000005ea       0x2d build/oled.o
 .ARM.attributes
                0x00000617       0x2d build/nrf24l01.o
 .ARM.attributes
                0x00000644       0x2d build/flash.o
 .ARM.attributes
                0x00000671       0x2d build/bsp_dwt.o
 .ARM.attributes
                0x0000069e       0x2d build/remote.o
 .ARM.attributes
                0x000006cb       0x2d build/MENU.o
 .ARM.attributes
                0x000006f8       0x2d build/menu_task.o
 .ARM.attributes
                0x00000725       0x21 build/startup_stm32f103xb.o
 .ARM.attributes
                0x00000746       0x2d e:/ace2025/enviroment/gcc-arm-none-eabi-10.3-2021.10-win32/arm-gnu-toolchian/bin/../lib/gcc/arm-none-eabi/10.3.1/../../../../arm-none-eabi/lib/thumb/v7-m/nofp\libc_nano.a(lib_a-errno.o)
 .ARM.attributes
                0x00000773       0x2d e:/ace2025/enviroment/gcc-arm-none-eabi-10.3-2021.10-win32/arm-gnu-toolchian/bin/../lib/gcc/arm-none-eabi/10.3.1/../../../../arm-none-eabi/lib/thumb/v7-m/nofp\libc_nano.a(lib_a-impure.o)
 .ARM.attributes
                0x000007a0       0x2d e:/ace2025/enviroment/gcc-arm-none-eabi-10.3-2021.10-win32/arm-gnu-toolchian/bin/../lib/gcc/arm-none-eabi/10.3.1/../../../../arm-none-eabi/lib/thumb/v7-m/nofp\libc_nano.a(lib_a-init.o)
 .ARM.attributes
                0x000007cd       0x2d e:/ace2025/enviroment/gcc-arm-none-eabi-10.3-2021.10-win32/arm-gnu-toolchian/bin/../lib/gcc/arm-none-eabi/10.3.1/../../../../arm-none-eabi/lib/thumb/v7-m/nofp\libc_nano.a(lib_a-memcmp.o)
 .ARM.attributes
                0x000007fa       0x2d e:/ace2025/enviroment/gcc-arm-none-eabi-10.3-2021.10-win32/arm-gnu-toolchian/bin/../lib/gcc/arm-none-eabi/10.3.1/../../../../arm-none-eabi/lib/thumb/v7-m/nofp\libc_nano.a(lib_a-memcpy-stub.o)
 .ARM.attributes
                0x00000827       0x2d e:/ace2025/enviroment/gcc-arm-none-eabi-10.3-2021.10-win32/arm-gnu-toolchian/bin/../lib/gcc/arm-none-eabi/10.3.1/../../../../arm-none-eabi/lib/thumb/v7-m/nofp\libc_nano.a(lib_a-memset.o)
 .ARM.attributes
                0x00000854       0x2d e:/ace2025/enviroment/gcc-arm-none-eabi-10.3-2021.10-win32/arm-gnu-toolchian/bin/../lib/gcc/arm-none-eabi/10.3.1/../../../../arm-none-eabi/lib/thumb/v7-m/nofp\libc_nano.a(lib_a-sprintf.o)
 .ARM.attributes
                0x00000881       0x17 e:/ace2025/enviroment/gcc-arm-none-eabi-10.3-2021.10-win32/arm-gnu-toolchian/bin/../lib/gcc/arm-none-eabi/10.3.1/../../../../arm-none-eabi/lib/thumb/v7-m/nofp\libc_nano.a(lib_a-strlen.o)
 .ARM.attributes
                0x00000898       0x2d e:/ace2025/enviroment/gcc-arm-none-eabi-10.3-2021.10-win32/arm-gnu-toolchian/bin/../lib/gcc/arm-none-eabi/10.3.1/../../../../arm-none-eabi/lib/thumb/v7-m/nofp\libc_nano.a(lib_a-nano-svfprintf.o)
 .ARM.attributes
                0x000008c5       0x2d e:/ace2025/enviroment/gcc-arm-none-eabi-10.3-2021.10-win32/arm-gnu-toolchian/bin/../lib/gcc/arm-none-eabi/10.3.1/../../../../arm-none-eabi/lib/thumb/v7-m/nofp\libc_nano.a(lib_a-nano-vfprintf_i.o)
 .ARM.attributes
                0x000008f2       0x2d e:/ace2025/enviroment/gcc-arm-none-eabi-10.3-2021.10-win32/arm-gnu-toolchian/bin/../lib/gcc/arm-none-eabi/10.3.1/../../../../arm-none-eabi/lib/thumb/v7-m/nofp\libc_nano.a(lib_a-memchr-stub.o)
 .ARM.attributes
                0x0000091f       0x2d e:/ace2025/enviroment/gcc-arm-none-eabi-10.3-2021.10-win32/arm-gnu-toolchian/bin/../lib/gcc/arm-none-eabi/10.3.1/../../../../arm-none-eabi/lib/thumb/v7-m/nofp\libc_nano.a(lib_a-memmove.o)
 .ARM.attributes
                0x0000094c       0x2d e:/ace2025/enviroment/gcc-arm-none-eabi-10.3-2021.10-win32/arm-gnu-toolchian/bin/../lib/gcc/arm-none-eabi/10.3.1/../../../../arm-none-eabi/lib/thumb/v7-m/nofp\libc_nano.a(lib_a-nano-freer.o)
 .ARM.attributes
                0x00000979       0x2d e:/ace2025/enviroment/gcc-arm-none-eabi-10.3-2021.10-win32/arm-gnu-toolchian/bin/../lib/gcc/arm-none-eabi/10.3.1/../../../../arm-none-eabi/lib/thumb/v7-m/nofp\libc_nano.a(lib_a-nano-mallocr.o)
 .ARM.attributes
                0x000009a6       0x2d e:/ace2025/enviroment/gcc-arm-none-eabi-10.3-2021.10-win32/arm-gnu-toolchian/bin/../lib/gcc/arm-none-eabi/10.3.1/../../../../arm-none-eabi/lib/thumb/v7-m/nofp\libc_nano.a(lib_a-nano-reallocr.o)
 .ARM.attributes
                0x000009d3       0x2d e:/ace2025/enviroment/gcc-arm-none-eabi-10.3-2021.10-win32/arm-gnu-toolchian/bin/../lib/gcc/arm-none-eabi/10.3.1/../../../../arm-none-eabi/lib/thumb/v7-m/nofp\libc_nano.a(lib_a-sbrkr.o)
 .ARM.attributes
                0x00000a00       0x2d e:/ace2025/enviroment/gcc-arm-none-eabi-10.3-2021.10-win32/arm-gnu-toolchian/bin/../lib/gcc/arm-none-eabi/10.3.1/../../../../arm-none-eabi/lib/thumb/v7-m/nofp\libc_nano.a(lib_a-mlock.o)
 .ARM.attributes
                0x00000a2d       0x2d e:/ace2025/enviroment/gcc-arm-none-eabi-10.3-2021.10-win32/arm-gnu-toolchian/bin/../lib/gcc/arm-none-eabi/10.3.1/../../../../arm-none-eabi/lib/thumb/v7-m/nofp\libc_nano.a(lib_a-nano-msizer.o)
 .ARM.attributes
                0x00000a5a       0x2d e:/ace2025/enviroment/gcc-arm-none-eabi-10.3-2021.10-win32/arm-gnu-toolchian/bin/../lib/gcc/arm-none-eabi/10.3.1/../../../../arm-none-eabi/lib/thumb/v7-m/nofp\libc_nano.a(lib_a-reent.o)
 .ARM.attributes
                0x00000a87       0x2d e:/ace2025/enviroment/gcc-arm-none-eabi-10.3-2021.10-win32/arm-gnu-toolchian/bin/../lib/gcc/arm-none-eabi/10.3.1/../../../../arm-none-eabi/lib/thumb/v7-m/nofp\libc_nano.a(lib_a-lock.o)
 .ARM.attributes
                0x00000ab4       0x1d e:/ace2025/enviroment/gcc-arm-none-eabi-10.3-2021.10-win32/arm-gnu-toolchian/bin/../lib/gcc/arm-none-eabi/10.3.1/thumb/v7-m/nofp\libgcc.a(_arm_addsubdf3.o)
 .ARM.attributes
                0x00000ad1       0x1d e:/ace2025/enviroment/gcc-arm-none-eabi-10.3-2021.10-win32/arm-gnu-toolchian/bin/../lib/gcc/arm-none-eabi/10.3.1/thumb/v7-m/nofp\libgcc.a(_arm_muldivdf3.o)
 .ARM.attributes
                0x00000aee       0x1d e:/ace2025/enviroment/gcc-arm-none-eabi-10.3-2021.10-win32/arm-gnu-toolchian/bin/../lib/gcc/arm-none-eabi/10.3.1/thumb/v7-m/nofp\libgcc.a(_arm_fixdfsi.o)
 .ARM.attributes
                0x00000b0b       0x1d e:/ace2025/enviroment/gcc-arm-none-eabi-10.3-2021.10-win32/arm-gnu-toolchian/bin/../lib/gcc/arm-none-eabi/10.3.1/thumb/v7-m/nofp\libgcc.a(_arm_truncdfsf2.o)
 .ARM.attributes
                0x00000b28       0x1d e:/ace2025/enviroment/gcc-arm-none-eabi-10.3-2021.10-win32/arm-gnu-toolchian/bin/../lib/gcc/arm-none-eabi/10.3.1/thumb/v7-m/nofp\libgcc.a(_arm_addsubsf3.o)
 .ARM.attributes
                0x00000b45       0x1d e:/ace2025/enviroment/gcc-arm-none-eabi-10.3-2021.10-win32/arm-gnu-toolchian/bin/../lib/gcc/arm-none-eabi/10.3.1/thumb/v7-m/nofp\libgcc.a(_arm_muldivsf3.o)
 .ARM.attributes
                0x00000b62       0x1d e:/ace2025/enviroment/gcc-arm-none-eabi-10.3-2021.10-win32/arm-gnu-toolchian/bin/../lib/gcc/arm-none-eabi/10.3.1/thumb/v7-m/nofp\libgcc.a(_arm_cmpsf2.o)
 .ARM.attributes
                0x00000b7f       0x1d e:/ace2025/enviroment/gcc-arm-none-eabi-10.3-2021.10-win32/arm-gnu-toolchian/bin/../lib/gcc/arm-none-eabi/10.3.1/thumb/v7-m/nofp\libgcc.a(_arm_fixsfsi.o)
 .ARM.attributes
                0x00000b9c       0x1d e:/ace2025/enviroment/gcc-arm-none-eabi-10.3-2021.10-win32/arm-gnu-toolchian/bin/../lib/gcc/arm-none-eabi/10.3.1/thumb/v7-m/nofp\libgcc.a(_arm_fixunssfsi.o)
 .ARM.attributes
                0x00000bb9       0x1d e:/ace2025/enviroment/gcc-arm-none-eabi-10.3-2021.10-win32/arm-gnu-toolchian/bin/../lib/gcc/arm-none-eabi/10.3.1/thumb/v7-m/nofp/crtn.o

.comment        0x00000000       0x49
 .comment       0x00000000       0x49 build/main.o
                                 0x4a (size before relaxing)
 .comment       0x00000049       0x4a build/gpio.o
 .comment       0x00000049       0x4a build/freertos.o
 .comment       0x00000049       0x4a build/adc.o
 .comment       0x00000049       0x4a build/dma.o
 .comment       0x00000049       0x4a build/i2c.o
 .comment       0x00000049       0x4a build/spi.o
 .comment       0x00000049       0x4a build/stm32f1xx_it.o
 .comment       0x00000049       0x4a build/stm32f1xx_hal_msp.o
 .comment       0x00000049       0x4a build/stm32f1xx_hal_timebase_tim.o
 .comment       0x00000049       0x4a build/stm32f1xx_hal_tim.o
 .comment       0x00000049       0x4a build/stm32f1xx_hal_tim_ex.o
 .comment       0x00000049       0x4a build/stm32f1xx_hal_adc.o
 .comment       0x00000049       0x4a build/stm32f1xx_hal_adc_ex.o
 .comment       0x00000049       0x4a build/stm32f1xx_hal.o
 .comment       0x00000049       0x4a build/stm32f1xx_hal_rcc.o
 .comment       0x00000049       0x4a build/stm32f1xx_hal_rcc_ex.o
 .comment       0x00000049       0x4a build/stm32f1xx_hal_gpio.o
 .comment       0x00000049       0x4a build/stm32f1xx_hal_dma.o
 .comment       0x00000049       0x4a build/stm32f1xx_hal_cortex.o
 .comment       0x00000049       0x4a build/stm32f1xx_hal_flash.o
 .comment       0x00000049       0x4a build/stm32f1xx_hal_flash_ex.o
 .comment       0x00000049       0x4a build/stm32f1xx_hal_i2c.o
 .comment       0x00000049       0x4a build/stm32f1xx_hal_spi.o
 .comment       0x00000049       0x4a build/system_stm32f1xx.o
 .comment       0x00000049       0x4a build/list.o
 .comment       0x00000049       0x4a build/tasks.o
 .comment       0x00000049       0x4a build/cmsis_os.o
 .comment       0x00000049       0x4a build/heap_4.o
 .comment       0x00000049       0x4a build/port.o
 .comment       0x00000049       0x4a build/sysmem.o
 .comment       0x00000049       0x4a build/font.o
 .comment       0x00000049       0x4a build/oled.o
 .comment       0x00000049       0x4a build/nrf24l01.o
 .comment       0x00000049       0x4a build/flash.o
 .comment       0x00000049       0x4a build/bsp_dwt.o
 .comment       0x00000049       0x4a build/remote.o
 .comment       0x00000049       0x4a build/MENU.o
 .comment       0x00000049       0x4a build/menu_task.o

.debug_info     0x00000000    0x24e32
 .debug_info    0x00000000      0xae3 build/main.o
 .debug_info    0x00000ae3      0x5ee build/gpio.o
 .debug_info    0x000010d1      0x499 build/freertos.o
 .debug_info    0x0000156a      0xae6 build/adc.o
 .debug_info    0x00002050      0x315 build/dma.o
 .debug_info    0x00002365      0xa03 build/i2c.o
 .debug_info    0x00002d68      0x93d build/spi.o
 .debug_info    0x000036a5      0xaa5 build/stm32f1xx_it.o
 .debug_info    0x0000414a      0x3b0 build/stm32f1xx_hal_msp.o
 .debug_info    0x000044fa      0xb07 build/stm32f1xx_hal_timebase_tim.o
 .debug_info    0x00005001     0x4074 build/stm32f1xx_hal_tim.o
 .debug_info    0x00009075     0x1c39 build/stm32f1xx_hal_tim_ex.o
 .debug_info    0x0000acae     0x1054 build/stm32f1xx_hal_adc.o
 .debug_info    0x0000bd02      0xd19 build/stm32f1xx_hal_adc_ex.o
 .debug_info    0x0000ca1b      0x855 build/stm32f1xx_hal.o
 .debug_info    0x0000d270      0xaf0 build/stm32f1xx_hal_rcc.o
 .debug_info    0x0000dd60      0x47f build/stm32f1xx_hal_rcc_ex.o
 .debug_info    0x0000e1df      0x6d7 build/stm32f1xx_hal_gpio.o
 .debug_info    0x0000e8b6      0x8c0 build/stm32f1xx_hal_dma.o
 .debug_info    0x0000f176      0xe2d build/stm32f1xx_hal_cortex.o
 .debug_info    0x0000ffa3      0x6fc build/stm32f1xx_hal_flash.o
 .debug_info    0x0001069f      0xb89 build/stm32f1xx_hal_flash_ex.o
 .debug_info    0x00011228     0x3cad build/stm32f1xx_hal_i2c.o
 .debug_info    0x00014ed5     0x1df8 build/stm32f1xx_hal_spi.o
 .debug_info    0x00016ccd      0x26e build/system_stm32f1xx.o
 .debug_info    0x00016f3b      0x30f build/list.o
 .debug_info    0x0001724a     0x2ad1 build/tasks.o
 .debug_info    0x00019d1b     0x2409 build/cmsis_os.o
 .debug_info    0x0001c124      0x61a build/heap_4.o
 .debug_info    0x0001c73e      0x569 build/port.o
 .debug_info    0x0001cca7      0x185 build/sysmem.o
 .debug_info    0x0001ce2c      0x5a8 build/font.o
 .debug_info    0x0001d3d4     0x2244 build/oled.o
 .debug_info    0x0001f618     0x100d build/nrf24l01.o
 .debug_info    0x00020625      0x45a build/flash.o
 .debug_info    0x00020a7f      0x790 build/bsp_dwt.o
 .debug_info    0x0002120f     0x14b1 build/remote.o
 .debug_info    0x000226c0     0x146a build/MENU.o
 .debug_info    0x00023b2a     0x12e6 build/menu_task.o
 .debug_info    0x00024e10       0x22 build/startup_stm32f103xb.o

.debug_abbrev   0x00000000     0x553c
 .debug_abbrev  0x00000000      0x225 build/main.o
 .debug_abbrev  0x00000225      0x15c build/gpio.o
 .debug_abbrev  0x00000381      0x184 build/freertos.o
 .debug_abbrev  0x00000505      0x1cd build/adc.o
 .debug_abbrev  0x000006d2      0x117 build/dma.o
 .debug_abbrev  0x000007e9      0x1eb build/i2c.o
 .debug_abbrev  0x000009d4      0x1cc build/spi.o
 .debug_abbrev  0x00000ba0      0x1fa build/stm32f1xx_it.o
 .debug_abbrev  0x00000d9a      0x130 build/stm32f1xx_hal_msp.o
 .debug_abbrev  0x00000eca      0x202 build/stm32f1xx_hal_timebase_tim.o
 .debug_abbrev  0x000010cc      0x29d build/stm32f1xx_hal_tim.o
 .debug_abbrev  0x00001369      0x29f build/stm32f1xx_hal_tim_ex.o
 .debug_abbrev  0x00001608      0x239 build/stm32f1xx_hal_adc.o
 .debug_abbrev  0x00001841      0x26a build/stm32f1xx_hal_adc_ex.o
 .debug_abbrev  0x00001aab      0x1f7 build/stm32f1xx_hal.o
 .debug_abbrev  0x00001ca2      0x2b8 build/stm32f1xx_hal_rcc.o
 .debug_abbrev  0x00001f5a      0x1d5 build/stm32f1xx_hal_rcc_ex.o
 .debug_abbrev  0x0000212f      0x222 build/stm32f1xx_hal_gpio.o
 .debug_abbrev  0x00002351      0x244 build/stm32f1xx_hal_dma.o
 .debug_abbrev  0x00002595      0x359 build/stm32f1xx_hal_cortex.o
 .debug_abbrev  0x000028ee      0x26b build/stm32f1xx_hal_flash.o
 .debug_abbrev  0x00002b59      0x28d build/stm32f1xx_hal_flash_ex.o
 .debug_abbrev  0x00002de6      0x306 build/stm32f1xx_hal_i2c.o
 .debug_abbrev  0x000030ec      0x28a build/stm32f1xx_hal_spi.o
 .debug_abbrev  0x00003376      0x140 build/system_stm32f1xx.o
 .debug_abbrev  0x000034b6      0x124 build/list.o
 .debug_abbrev  0x000035da      0x36b build/tasks.o
 .debug_abbrev  0x00003945      0x37d build/cmsis_os.o
 .debug_abbrev  0x00003cc2      0x269 build/heap_4.o
 .debug_abbrev  0x00003f2b      0x29d build/port.o
 .debug_abbrev  0x000041c8       0xea build/sysmem.o
 .debug_abbrev  0x000042b2       0xea build/font.o
 .debug_abbrev  0x0000439c      0x358 build/oled.o
 .debug_abbrev  0x000046f4      0x278 build/nrf24l01.o
 .debug_abbrev  0x0000496c      0x191 build/flash.o
 .debug_abbrev  0x00004afd      0x185 build/bsp_dwt.o
 .debug_abbrev  0x00004c82      0x33a build/remote.o
 .debug_abbrev  0x00004fbc      0x313 build/MENU.o
 .debug_abbrev  0x000052cf      0x25b build/menu_task.o
 .debug_abbrev  0x0000552a       0x12 build/startup_stm32f103xb.o

.debug_loc      0x00000000    0x1bce5
 .debug_loc     0x00000000       0xc8 build/main.o
 .debug_loc     0x000000c8       0x38 build/gpio.o
 .debug_loc     0x00000100       0x7d build/freertos.o
 .debug_loc     0x0000017d      0x119 build/adc.o
 .debug_loc     0x00000296       0x38 build/dma.o
 .debug_loc     0x000002ce      0x12e build/i2c.o
 .debug_loc     0x000003fc      0x108 build/spi.o
 .debug_loc     0x00000504       0xa0 build/stm32f1xx_it.o
 .debug_loc     0x000005a4       0x4d build/stm32f1xx_hal_msp.o
 .debug_loc     0x000005f1      0x152 build/stm32f1xx_hal_timebase_tim.o
 .debug_loc     0x00000743     0x5c88 build/stm32f1xx_hal_tim.o
 .debug_loc     0x000063cb     0x20f3 build/stm32f1xx_hal_tim_ex.o
 .debug_loc     0x000084be      0xe1b build/stm32f1xx_hal_adc.o
 .debug_loc     0x000092d9      0xa59 build/stm32f1xx_hal_adc_ex.o
 .debug_loc     0x00009d32      0x1e1 build/stm32f1xx_hal.o
 .debug_loc     0x00009f13      0x790 build/stm32f1xx_hal_rcc.o
 .debug_loc     0x0000a6a3      0x495 build/stm32f1xx_hal_rcc_ex.o
 .debug_loc     0x0000ab38      0x551 build/stm32f1xx_hal_gpio.o
 .debug_loc     0x0000b089      0x901 build/stm32f1xx_hal_dma.o
 .debug_loc     0x0000b98a      0x77f build/stm32f1xx_hal_cortex.o
 .debug_loc     0x0000c109      0x406 build/stm32f1xx_hal_flash.o
 .debug_loc     0x0000c50f      0x9d7 build/stm32f1xx_hal_flash_ex.o
 .debug_loc     0x0000cee6     0x4e65 build/stm32f1xx_hal_i2c.o
 .debug_loc     0x00011d4b     0x22e5 build/stm32f1xx_hal_spi.o
 .debug_loc     0x00014030       0xff build/system_stm32f1xx.o
 .debug_loc     0x0001412f       0xe5 build/list.o
 .debug_loc     0x00014214     0x245f build/tasks.o
 .debug_loc     0x00016673     0x1a22 build/cmsis_os.o
 .debug_loc     0x00018095      0x4e4 build/heap_4.o
 .debug_loc     0x00018579      0x16c build/port.o
 .debug_loc     0x000186e5       0x84 build/sysmem.o
 .debug_loc     0x00018769     0x1ae8 build/oled.o
 .debug_loc     0x0001a251      0x487 build/nrf24l01.o
 .debug_loc     0x0001a6d8      0x45b build/flash.o
 .debug_loc     0x0001ab33      0x2ed build/bsp_dwt.o
 .debug_loc     0x0001ae20      0x288 build/remote.o
 .debug_loc     0x0001b0a8      0x8a6 build/MENU.o
 .debug_loc     0x0001b94e      0x397 build/menu_task.o

.debug_aranges  0x00000000     0x19b8
 .debug_aranges
                0x00000000       0x38 build/main.o
 .debug_aranges
                0x00000038       0x20 build/gpio.o
 .debug_aranges
                0x00000058       0x30 build/freertos.o
 .debug_aranges
                0x00000088       0x30 build/adc.o
 .debug_aranges
                0x000000b8       0x20 build/dma.o
 .debug_aranges
                0x000000d8       0x30 build/i2c.o
 .debug_aranges
                0x00000108       0x30 build/spi.o
 .debug_aranges
                0x00000138       0x70 build/stm32f1xx_it.o
 .debug_aranges
                0x000001a8       0x20 build/stm32f1xx_hal_msp.o
 .debug_aranges
                0x000001c8       0x30 build/stm32f1xx_hal_timebase_tim.o
 .debug_aranges
                0x000001f8      0x3d0 build/stm32f1xx_hal_tim.o
 .debug_aranges
                0x000005c8      0x168 build/stm32f1xx_hal_tim_ex.o
 .debug_aranges
                0x00000730       0xf0 build/stm32f1xx_hal_adc.o
 .debug_aranges
                0x00000820       0x80 build/stm32f1xx_hal_adc_ex.o
 .debug_aranges
                0x000008a0       0xe0 build/stm32f1xx_hal.o
 .debug_aranges
                0x00000980       0x90 build/stm32f1xx_hal_rcc.o
 .debug_aranges
                0x00000a10       0x30 build/stm32f1xx_hal_rcc_ex.o
 .debug_aranges
                0x00000a40       0x58 build/stm32f1xx_hal_gpio.o
 .debug_aranges
                0x00000a98       0x80 build/stm32f1xx_hal_dma.o
 .debug_aranges
                0x00000b18       0x90 build/stm32f1xx_hal_cortex.o
 .debug_aranges
                0x00000ba8       0x88 build/stm32f1xx_hal_flash.o
 .debug_aranges
                0x00000c30       0x98 build/stm32f1xx_hal_flash_ex.o
 .debug_aranges
                0x00000cc8      0x2a8 build/stm32f1xx_hal_i2c.o
 .debug_aranges
                0x00000f70      0x1d0 build/stm32f1xx_hal_spi.o
 .debug_aranges
                0x00001140       0x28 build/system_stm32f1xx.o
 .debug_aranges
                0x00001168       0x40 build/list.o
 .debug_aranges
                0x000011a8      0x1b8 build/tasks.o
 .debug_aranges
                0x00001360      0x1d8 build/cmsis_os.o
 .debug_aranges
                0x00001538       0x58 build/heap_4.o
 .debug_aranges
                0x00001590       0x78 build/port.o
 .debug_aranges
                0x00001608       0x20 build/sysmem.o
 .debug_aranges
                0x00001628       0x18 build/font.o
 .debug_aranges
                0x00001640       0xf0 build/oled.o
 .debug_aranges
                0x00001730       0x70 build/nrf24l01.o
 .debug_aranges
                0x000017a0       0x30 build/flash.o
 .debug_aranges
                0x000017d0       0x60 build/bsp_dwt.o
 .debug_aranges
                0x00001830       0x68 build/remote.o
 .debug_aranges
                0x00001898       0xa8 build/MENU.o
 .debug_aranges
                0x00001940       0x50 build/menu_task.o
 .debug_aranges
                0x00001990       0x28 build/startup_stm32f103xb.o

.debug_ranges   0x00000000     0x19e0
 .debug_ranges  0x00000000       0x28 build/main.o
 .debug_ranges  0x00000028       0x10 build/gpio.o
 .debug_ranges  0x00000038       0x20 build/freertos.o
 .debug_ranges  0x00000058       0x20 build/adc.o
 .debug_ranges  0x00000078       0x10 build/dma.o
 .debug_ranges  0x00000088       0x20 build/i2c.o
 .debug_ranges  0x000000a8       0x20 build/spi.o
 .debug_ranges  0x000000c8       0x60 build/stm32f1xx_it.o
 .debug_ranges  0x00000128       0x10 build/stm32f1xx_hal_msp.o
 .debug_ranges  0x00000138       0x20 build/stm32f1xx_hal_timebase_tim.o
 .debug_ranges  0x00000158      0x3c0 build/stm32f1xx_hal_tim.o
 .debug_ranges  0x00000518      0x158 build/stm32f1xx_hal_tim_ex.o
 .debug_ranges  0x00000670       0xe0 build/stm32f1xx_hal_adc.o
 .debug_ranges  0x00000750       0x70 build/stm32f1xx_hal_adc_ex.o
 .debug_ranges  0x000007c0       0xd0 build/stm32f1xx_hal.o
 .debug_ranges  0x00000890       0xa0 build/stm32f1xx_hal_rcc.o
 .debug_ranges  0x00000930       0x38 build/stm32f1xx_hal_rcc_ex.o
 .debug_ranges  0x00000968       0x48 build/stm32f1xx_hal_gpio.o
 .debug_ranges  0x000009b0       0x70 build/stm32f1xx_hal_dma.o
 .debug_ranges  0x00000a20       0xe0 build/stm32f1xx_hal_cortex.o
 .debug_ranges  0x00000b00       0x78 build/stm32f1xx_hal_flash.o
 .debug_ranges  0x00000b78       0x88 build/stm32f1xx_hal_flash_ex.o
 .debug_ranges  0x00000c00      0x2b0 build/stm32f1xx_hal_i2c.o
 .debug_ranges  0x00000eb0      0x1c0 build/stm32f1xx_hal_spi.o
 .debug_ranges  0x00001070       0x18 build/system_stm32f1xx.o
 .debug_ranges  0x00001088       0x30 build/list.o
 .debug_ranges  0x000010b8      0x280 build/tasks.o
 .debug_ranges  0x00001338      0x1c8 build/cmsis_os.o
 .debug_ranges  0x00001500       0x48 build/heap_4.o
 .debug_ranges  0x00001548       0x68 build/port.o
 .debug_ranges  0x000015b0       0x10 build/sysmem.o
 .debug_ranges  0x000015c0      0x140 build/oled.o
 .debug_ranges  0x00001700       0x78 build/nrf24l01.o
 .debug_ranges  0x00001778       0x20 build/flash.o
 .debug_ranges  0x00001798       0x50 build/bsp_dwt.o
 .debug_ranges  0x000017e8       0x58 build/remote.o
 .debug_ranges  0x00001840       0xb0 build/MENU.o
 .debug_ranges  0x000018f0       0xd0 build/menu_task.o
 .debug_ranges  0x000019c0       0x20 build/startup_stm32f103xb.o

.debug_line     0x00000000    0x1db8f
 .debug_line    0x00000000      0x41b build/main.o
 .debug_line    0x0000041b      0x27e build/gpio.o
 .debug_line    0x00000699      0x274 build/freertos.o
 .debug_line    0x0000090d      0x45b build/adc.o
 .debug_line    0x00000d68      0x1b7 build/dma.o
 .debug_line    0x00000f1f      0x2fd build/i2c.o
 .debug_line    0x0000121c      0x326 build/spi.o
 .debug_line    0x00001542      0x414 build/stm32f1xx_it.o
 .debug_line    0x00001956      0x1d0 build/stm32f1xx_hal_msp.o
 .debug_line    0x00001b26      0x31f build/stm32f1xx_hal_timebase_tim.o
 .debug_line    0x00001e45     0x4984 build/stm32f1xx_hal_tim.o
 .debug_line    0x000067c9     0x1be3 build/stm32f1xx_hal_tim_ex.o
 .debug_line    0x000083ac      0xf05 build/stm32f1xx_hal_adc.o
 .debug_line    0x000092b1      0xbed build/stm32f1xx_hal_adc_ex.o
 .debug_line    0x00009e9e      0x546 build/stm32f1xx_hal.o
 .debug_line    0x0000a3e4      0xc36 build/stm32f1xx_hal_rcc.o
 .debug_line    0x0000b01a      0x4ab build/stm32f1xx_hal_rcc_ex.o
 .debug_line    0x0000b4c5      0x5f9 build/stm32f1xx_hal_gpio.o
 .debug_line    0x0000babe      0xa72 build/stm32f1xx_hal_dma.o
 .debug_line    0x0000c530      0x651 build/stm32f1xx_hal_cortex.o
 .debug_line    0x0000cb81      0x75a build/stm32f1xx_hal_flash.o
 .debug_line    0x0000d2db      0x917 build/stm32f1xx_hal_flash_ex.o
 .debug_line    0x0000dbf2     0x5674 build/stm32f1xx_hal_i2c.o
 .debug_line    0x00013266     0x2630 build/stm32f1xx_hal_spi.o
 .debug_line    0x00015896      0x25e build/system_stm32f1xx.o
 .debug_line    0x00015af4      0x38c build/list.o
 .debug_line    0x00015e80     0x2527 build/tasks.o
 .debug_line    0x000183a7     0x11bd build/cmsis_os.o
 .debug_line    0x00019564      0x77f build/heap_4.o
 .debug_line    0x00019ce3      0x63d build/port.o
 .debug_line    0x0001a320      0x210 build/sysmem.o
 .debug_line    0x0001a530      0x12c build/font.o
 .debug_line    0x0001a65c      0xe9e build/oled.o
 .debug_line    0x0001b4fa      0x447 build/nrf24l01.o